MPLINK 5.00, LINKER
Linker Map File - Created Mon Mar 28 18:38:23 2016

                                 Section Info
                  Section       Type    Address   Location Size(Bytes)
                ---------  ---------  ---------  ---------  ---------
               _entry_scn       code   0x000000    program   0x000006
 .idata_tsk_task_Main.o_i    romdata   0x000006    program   0x000000
 .romdata_tsk_task_Main.o    romdata   0x000006    program   0x000000
       .romdata_int_man.o    romdata   0x000006    program   0x000000
       .romdata_drv_i2c.o    romdata   0x000006    program   0x000000
        .romdata_drv_rs.o    romdata   0x000006    program   0x000000
    .romdata_M24LR04E_R.o    romdata   0x000006    program   0x000000
   .romdata_NDEFMessage.o    romdata   0x000006    program   0x000000
          .romdata_main.o    romdata   0x000006    program   0x000000
    .romdata_NDEFRecord.o    romdata   0x000006    program   0x000000
         .romdata_alarm.o    romdata   0x000006    program   0x000000
      .romdata_taskdesc.o    romdata   0x000006    program   0x000000
       .romdata_pro_man.o    romdata   0x000006    program   0x000000
      .romdata_even_man.o    romdata   0x000006    program   0x000000
        .idata_stdout.o_i    romdata   0x000006    program   0x000002
        .romdata_stdout.o    romdata   0x000006    program   0x000000
           .romdata_int.o    romdata   0x000006    program   0x000000
      .idata_vfprintf.o_i    romdata   0x000006    program   0x000000
      .romdata_fxd3232u.o    romdata   0x000006    program   0x000000
       .romdata_fxm3232.o    romdata   0x000006    program   0x000000
          .romdata_putc.o    romdata   0x000006    program   0x000000
     .romdata_PICos18iz.o    romdata   0x000006    program   0x000000
           IT_vector_high       code   0x000008    program   0x000006
            IT_vector_low       code   0x000018    program   0x000006
                 DESC_ROM    romdata   0x000050    program   0x00002a
               KERNEL_ROM       code   0x000100    program   0x001d08
       _INTERRUPT_VECTORH       code   0x002000    program   0x000026
                   .cinit    romdata   0x002026    program   0x000026
       .code_NDEFRecord.o       code   0x00204c    program   0x0000a8
  _RESET_INTERRUPT_VECTOR       code   0x002100    program   0x000006
         .code_vfprintf.o       code   0x002106    program   0x000c22
      .code_NDEFMessage.o       code   0x002d28    program   0x00024a
             .code_putc.o       code   0x002f72    program   0x000084
             .stringtable    romdata   0x002ff6    program   0x000003
          .idata_putc.o_i    romdata   0x002ff9    program   0x000000
       .idata_int_man.o_i    romdata   0x002ff9    program   0x000000
       .idata_fxm3232.o_i    romdata   0x002ff9    program   0x000000
      .idata_fxd3232u.o_i    romdata   0x002ff9    program   0x000000
           .idata_int.o_i    romdata   0x002ff9    program   0x000000
          .idata_main.o_i    romdata   0x002ff9    program   0x000000
        .idata_drv_rs.o_i    romdata   0x002ff9    program   0x000006
      .idata_even_man.o_i    romdata   0x002ff9    program   0x000000
       .idata_pro_man.o_i    romdata   0x002ff9    program   0x000000
         .idata_alarm.o_i    romdata   0x002fff    program   0x000000
    .idata_NDEFRecord.o_i    romdata   0x002fff    program   0x000000
   .idata_NDEFMessage.o_i    romdata   0x002fff    program   0x000000
    .idata_M24LR04E_R.o_i    romdata   0x002fff    program   0x000000
       .idata_drv_i2c.o_i    romdata   0x002fff    program   0x000000
     .idata_PICos18iz.o_i    romdata   0x002fff    program   0x000000
         .code_even_man.o       code   0x003000    program   0x000000
       _INTERRUPT_VECTORL       code   0x003000    program   0x00015e
              .code_int.o       code   0x003000    program   0x000000
           .code_stdout.o       code   0x003000    program   0x000000
          .code_pro_man.o       code   0x003000    program   0x000000
        .code_PICos18iz.o       code   0x003000    program   0x000000
            .code_alarm.o       code   0x003000    program   0x000000
         .code_taskdesc.o       code   0x003000    program   0x000000
          .code_int_man.o       code   0x003000    program   0x000000
       .code_M24LR04E_R.o       code   0x00315e    program   0x000790
           .code_drv_rs.o       code   0x0038ee    program   0x00072a
          .code_drv_i2c.o       code   0x004018    program   0x0006be
                   STRING       code   0x0046d6    program   0x00011a
    .code_tsk_task_Main.o       code   0x0047f0    program   0x0000f4
               _cinit_scn       code   0x0048e4    program   0x00009e
             .code_main.o       code   0x004982    program   0x000078
          .code_fxm3232.o       code   0x0049fa    program   0x000070
                     PROG       code   0x004a6a    program   0x00005a
         .code_fxd3232u.o       code   0x004ac4    program   0x000048
             _startup_scn       code   0x004b0c    program   0x00002c
                    CTYPE       code   0x004b38    program   0x000024
                    .code       code   0x004b5c    program   0x000020
                    STDIO       code   0x004b7c    program   0x00001c
      .romdata_vfprintf.o    romdata   0x004b98    program   0x000011
      .idata_taskdesc.o_i    romdata   0x004ba9    program   0x00003b
      .config_fff8_main.o    romdata   0x00fff8    program   0x000001
      .config_fff9_main.o    romdata   0x00fff9    program   0x000001
      .config_fffa_main.o    romdata   0x00fffa    program   0x000001
      .config_fffb_main.o    romdata   0x00fffb    program   0x000001
      .config_fffc_main.o    romdata   0x00fffc    program   0x000001
      .config_fffd_main.o    romdata   0x00fffd    program   0x000001
      .config_fffe_main.o    romdata   0x00fffe    program   0x000001
      .config_ffff_main.o    romdata   0x00ffff    program   0x000001
                MATH_DATA      udata   0x000000       data   0x000014
                 .tmpdata      udata   0x000014       data   0x00000a
     InterruptVectorH_tmp      udata   0x00001e       data   0x000002
               KERNEL_RAM      udata   0x000060       data   0x000017
               EVENT_MASK      udata   0x000080       data   0x000010
                WAIT_MASK      udata   0x000090       data   0x000010
                STACK_RAM      udata   0x0000a0       data   0x000010
                STATE_RAM      udata   0x0000b0       data   0x000010
        .udata_taskdesc.o      udata   0x000100       data   0x000300
                   .stack      udata   0x000700       data   0x000074
        .idata_taskdesc.o      idata   0x000774       data   0x00003b
          .udata_drv_rs.o      udata   0x0007af       data   0x000037
         .udata_drv_i2c.o      udata   0x0007e6       data   0x000009
          .idata_drv_rs.o      idata   0x0007ef       data   0x000006
         .udata_pro_man.o      udata   0x0007f5       data   0x000003
           .udata_alarm.o      udata   0x0007f8       data   0x000002
          .idata_stdout.o      idata   0x0007fa       data   0x000002
   .udata_tsk_task_Main.o      udata   0x000800       data   0x0000ff
            .udata_main.o      udata   0x0008ff       data   0x000001
     .udata_NDEFMessage.o      udata   0x000900       data   0x0000ff
           .idata_alarm.o      idata   0x0009ff       data   0x000000
       .udata_PICos18iz.o      udata   0x0009ff       data   0x000000
         .idata_pro_man.o      idata   0x0009ff       data   0x000000
            .idata_putc.o      idata   0x0009ff       data   0x000000
             .idata_int.o      idata   0x0009ff       data   0x000000
        .udata_even_man.o      udata   0x0009ff       data   0x000000
        .idata_even_man.o      idata   0x0009ff       data   0x000000
             .udata_int.o      udata   0x0009ff       data   0x000000
       .idata_PICos18iz.o      idata   0x0009ff       data   0x000000
          .udata_stdout.o      udata   0x0009ff       data   0x000000
            .udata_putc.o      udata   0x0009ff       data   0x000000
        .udata_vfprintf.o      udata   0x0009ff       data   0x000000
        .idata_vfprintf.o      idata   0x0009ff       data   0x000000
        .udata_fxd3232u.o      udata   0x0009ff       data   0x000000
        .idata_fxd3232u.o      idata   0x0009ff       data   0x000000
         .idata_fxm3232.o      idata   0x0009ff       data   0x000000
         .udata_fxm3232.o      udata   0x0009ff       data   0x000000
         .udata_int_man.o      udata   0x0009ff       data   0x000000
         .idata_int_man.o      idata   0x0009ff       data   0x000000
         .idata_drv_i2c.o      idata   0x0009ff       data   0x000000
      .udata_M24LR04E_R.o      udata   0x0009ff       data   0x000000
      .idata_M24LR04E_R.o      idata   0x0009ff       data   0x000000
     .idata_NDEFMessage.o      idata   0x0009ff       data   0x000000
      .idata_NDEFRecord.o      idata   0x0009ff       data   0x000000
   .idata_tsk_task_Main.o      idata   0x0009ff       data   0x000000
            .idata_main.o      idata   0x0009ff       data   0x000000
      .udata_NDEFRecord.o      udata   0x000d00       data   0x0000d5
              SFR_BANKED0      udata   0x000ec6       data   0x00000e
              SFR_BANKED1      udata   0x000ed7       data   0x000008
              SFR_BANKED2      udata   0x000ee7       data   0x000004
              SFR_BANKED3      udata   0x000eec       data   0x000003
              SFR_BANKED4      udata   0x000ef2       data   0x000002
              SFR_BANKED5      udata   0x000ef6       data   0x000002
              SFR_BANKED6      udata   0x000efb       data   0x000005
              SFR_BANKED7      udata   0x000f26       data   0x000014
              SFR_BANKED8      udata   0x000f3c       data   0x000007
              SFR_BANKED9      udata   0x000f48       data   0x000008
             SFR_BANKED10      udata   0x000f52       data   0x00000e
            SFR_UNBANKED0      udata   0x000f60       data   0x0000a0



                              Program Memory Usage 
                               Start         End      
                           ---------   ---------      
                            0x000000    0x00000d      
                            0x000018    0x00001d      
                            0x000050    0x000079      
                            0x000100    0x001e07      
                            0x002000    0x0020f3      
                            0x002100    0x002ffe      
                            0x003000    0x004be3      
                            0x00fff8    0x00ffff      
            18725 out of 65538 program addresses used, program memory utilization is 28%



                              Symbols - Sorted by Name
                     Name    Address   Location    Storage File                     
                ---------  ---------  ---------  --------- ---------                
             ActivateTask   0x000f62    program     extern E:\Julien\Downloads\PICos18_v3_00\Kernel\pro_man.c
               AddOneTick   0x0009f8    program     extern E:\Julien\Downloads\PICos18_v3_00\Kernel\alarm.c
              CancelAlarm   0x00058a    program     extern E:\Julien\Downloads\PICos18_v3_00\Kernel\alarm.c
                ChainTask   0x00114c    program     extern E:\Julien\Downloads\PICos18_v3_00\Kernel\pro_man.c
               ClearEvent   0x001776    program     extern E:\Julien\Downloads\PICos18_v3_00\Kernel\even_man.c
     DisableAllInterrupts   0x000106    program     extern C:\Users\lquin\Google Drive\Cours MA 1\Q2\Projet\Git\TiltDetector\PIC\Kernel\int_man.c
      EnableAllInterrupts   0x000100    program     extern C:\Users\lquin\Google Drive\Cours MA 1\Q2\Projet\Git\TiltDetector\PIC\Kernel\int_man.c
                 EnterISR   0x000120    program     extern C:\Users\lquin\Google Drive\Cours MA 1\Q2\Projet\Git\TiltDetector\PIC\Kernel\int_man.c
                ErrorHook   0x0049ea    program     extern C:\Users\lquin\Google Drive\Cours MA 1\Q2\Projet\Git\TiltDetector\PIC\main.c
                 FXD3232U   0x004ac4    program     extern E:\3.46\pic18-lt\cxx-framework\src\traditional\math\fxd3232u.c
                 FXM1616S   0x004a6a    program     extern E:\3.46\pic18-lt\cxx-framework\src\traditional\math\fxm1616s.asm
                  FXM3232   0x0049fa    program     extern E:\3.46\pic18-lt\cxx-framework\src\traditional\math\fxm3232.c
 GetActiveApplicationMode   0x0012d0    program     extern E:\Julien\Downloads\PICos18_v3_00\Kernel\pro_man.c
                 GetAlarm   0x0004c8    program     extern E:\Julien\Downloads\PICos18_v3_00\Kernel\alarm.c
             GetAlarmBase   0x0005f6    program     extern E:\Julien\Downloads\PICos18_v3_00\Kernel\alarm.c
          GetCounterValue   0x00095a    program     extern E:\Julien\Downloads\PICos18_v3_00\Kernel\alarm.c
                 GetEvent   0x001844    program     extern E:\Julien\Downloads\PICos18_v3_00\Kernel\even_man.c
              GetPriority   0x000db8    program     extern E:\Julien\Downloads\PICos18_v3_00\Kernel\pro_man.c
              GetResource   0x00143a    program     extern E:\Julien\Downloads\PICos18_v3_00\Kernel\pro_man.c
                GetTaskID   0x000e6a    program     extern E:\Julien\Downloads\PICos18_v3_00\Kernel\pro_man.c
             GetTaskState   0x000ec8    program     extern E:\Julien\Downloads\PICos18_v3_00\Kernel\pro_man.c
                  I2C_Drv   0x004018    program     extern C:\Users\lquin\Google Drive\Cours MA 1\Q2\Projet\Git\TiltDetector\PIC\drivers\drv_i2c.c
                  I2C_INT   0x00440e    program     extern C:\Users\lquin\Google Drive\Cours MA 1\Q2\Projet\Git\TiltDetector\PIC\drivers\drv_i2c.c
               I2C_deqMsg   0x004398    program     extern C:\Users\lquin\Google Drive\Cours MA 1\Q2\Projet\Git\TiltDetector\PIC\drivers\drv_i2c.c
               I2C_enqMsg   0x0042b0    program     extern C:\Users\lquin\Google Drive\Cours MA 1\Q2\Projet\Git\TiltDetector\PIC\drivers\drv_i2c.c
               IncCounter   0x000666    program     extern E:\Julien\Downloads\PICos18_v3_00\Kernel\alarm.c
                     Init   0x004998    program     extern C:\Users\lquin\Google Drive\Cours MA 1\Q2\Projet\Git\TiltDetector\PIC\main.c
         InterruptVectorH   0x002000    program     extern C:\Users\lquin\Google Drive\Cours MA 1\Q2\Projet\Git\TiltDetector\PIC\int.c
         InterruptVectorL   0x003000    program     extern C:\Users\lquin\Google Drive\Cours MA 1\Q2\Projet\Git\TiltDetector\PIC\int.c
       Interrupt_high_vec   0x000008    program     extern C:\Users\lquin\Google Drive\Cours MA 1\Q2\Projet\Git\TiltDetector\PIC\int.c
        Interrupt_low_vec   0x000018    program     extern C:\Users\lquin\Google Drive\Cours MA 1\Q2\Projet\Git\TiltDetector\PIC\int.c
                 LeaveISR   0x000130    program     extern C:\Users\lquin\Google Drive\Cours MA 1\Q2\Projet\Git\TiltDetector\PIC\Kernel\int_man.c
      M24LR04E_ReadBuffer   0x003190    program     extern C:\Users\lquin\Google Drive\Cours MA 1\Q2\Projet\Git\TiltDetector\PIC\Sensors\M24LR04E_R.c
     M24LR04E_ReadOneByte   0x00337c    program     extern C:\Users\lquin\Google Drive\Cours MA 1\Q2\Projet\Git\TiltDetector\PIC\Sensors\M24LR04E_R.c
 M24LR04E_SaveNdefMessage   0x003644    program     extern C:\Users\lquin\Google Drive\Cours MA 1\Q2\Projet\Git\TiltDetector\PIC\Sensors\M24LR04E_R.c
       M24LR04E_WriteByte   0x0034da    program     extern C:\Users\lquin\Google Drive\Cours MA 1\Q2\Projet\Git\TiltDetector\PIC\Sensors\M24LR04E_R.c
NdefMessageAddRomTextRecord   0x002d28    program     extern C:\Users\lquin\Google Drive\Cours MA 1\Q2\Projet\Git\TiltDetector\PIC\NDEF\NDEFMessage.c
 NdefMessageAddTextRecord   0x002e14    program     extern C:\Users\lquin\Google Drive\Cours MA 1\Q2\Projet\Git\TiltDetector\PIC\NDEF\NDEFMessage.c
    NdefRecordConstructor   0x00204c    program     extern C:\Users\lquin\Google Drive\Cours MA 1\Q2\Projet\Git\TiltDetector\PIC\NDEF\NDEFRecord.c
NdefRecordSetPayloadAccValue   0x002082    program     extern C:\Users\lquin\Google Drive\Cours MA 1\Q2\Projet\Git\TiltDetector\PIC\NDEF\NDEFRecord.c
NdefRecordSetPayloadLengh   0x0020ac    program     extern C:\Users\lquin\Google Drive\Cours MA 1\Q2\Projet\Git\TiltDetector\PIC\NDEF\NDEFRecord.c
  NdefRecordSetStatusByte   0x0020dc    program     extern C:\Users\lquin\Google Drive\Cours MA 1\Q2\Projet\Git\TiltDetector\PIC\NDEF\NDEFRecord.c
  NdefRecordSetTLV_Length   0x0020c4    program     extern C:\Users\lquin\Google Drive\Cours MA 1\Q2\Projet\Git\TiltDetector\PIC\NDEF\NDEFRecord.c
         NdefRecordSetTnf   0x002076    program     extern C:\Users\lquin\Google Drive\Cours MA 1\Q2\Projet\Git\TiltDetector\PIC\NDEF\NDEFRecord.c
        NdefRecordSetType   0x00208e    program     extern C:\Users\lquin\Google Drive\Cours MA 1\Q2\Projet\Git\TiltDetector\PIC\NDEF\NDEFRecord.c
                 Organize   0x0013b2    program     extern E:\Julien\Downloads\PICos18_v3_00\Kernel\pro_man.c
   PIN_MANAGER_Initialize   0x0049c4    program     extern C:\Users\lquin\Google Drive\Cours MA 1\Q2\Projet\Git\TiltDetector\PIC\main.c
             PostTaskHook   0x0049f8    program     extern C:\Users\lquin\Google Drive\Cours MA 1\Q2\Projet\Git\TiltDetector\PIC\main.c
              PreTaskHook   0x0049f6    program     extern C:\Users\lquin\Google Drive\Cours MA 1\Q2\Projet\Git\TiltDetector\PIC\main.c
                   Printf   0x003f58    program     extern C:\Users\lquin\Google Drive\Cours MA 1\Q2\Projet\Git\TiltDetector\PIC\drivers\drv_rs.c
                   RS_Drv   0x0038ee    program     extern C:\Users\lquin\Google Drive\Cours MA 1\Q2\Projet\Git\TiltDetector\PIC\drivers\drv_rs.c
          RS_RCV_Register   0x003b60    program     extern C:\Users\lquin\Google Drive\Cours MA 1\Q2\Projet\Git\TiltDetector\PIC\drivers\drv_rs.c
                RS_RX_INT   0x003e4a    program     extern C:\Users\lquin\Google Drive\Cours MA 1\Q2\Projet\Git\TiltDetector\PIC\drivers\drv_rs.c
                RS_TX_INT   0x003dac    program     extern C:\Users\lquin\Google Drive\Cours MA 1\Q2\Projet\Git\TiltDetector\PIC\drivers\drv_rs.c
                RS_deqMsg   0x003b00    program     extern C:\Users\lquin\Google Drive\Cours MA 1\Q2\Projet\Git\TiltDetector\PIC\drivers\drv_rs.c
                RS_enqMsg   0x0039e0    program     extern C:\Users\lquin\Google Drive\Cours MA 1\Q2\Projet\Git\TiltDetector\PIC\drivers\drv_rs.c
          ReleaseResource   0x001568    program     extern E:\Julien\Downloads\PICos18_v3_00\Kernel\pro_man.c
      ResumeAllInterrupts   0x00010c    program     extern C:\Users\lquin\Google Drive\Cours MA 1\Q2\Projet\Git\TiltDetector\PIC\Kernel\int_man.c
       ResumeOSInterrupts   0x000118    program     extern C:\Users\lquin\Google Drive\Cours MA 1\Q2\Projet\Git\TiltDetector\PIC\Kernel\int_man.c
                 Schedule   0x001222    program     extern E:\Julien\Downloads\PICos18_v3_00\Kernel\pro_man.c
              SetAbsAlarm   0x000330    program     extern E:\Julien\Downloads\PICos18_v3_00\Kernel\alarm.c
                 SetEvent   0x001650    program     extern E:\Julien\Downloads\PICos18_v3_00\Kernel\even_man.c
              SetPriority   0x000cf4    program     extern E:\Julien\Downloads\PICos18_v3_00\Kernel\pro_man.c
              SetRelAlarm   0x000156    program     extern E:\Julien\Downloads\PICos18_v3_00\Kernel\alarm.c
             ShutdownHook   0x0049de    program     extern C:\Users\lquin\Google Drive\Cours MA 1\Q2\Projet\Git\TiltDetector\PIC\main.c
               ShutdownOS   0x00138a    program     extern E:\Julien\Downloads\PICos18_v3_00\Kernel\pro_man.c
                  StartOS   0x0012d8    program     extern E:\Julien\Downloads\PICos18_v3_00\Kernel\pro_man.c
              StartupHook   0x0049dc    program     extern C:\Users\lquin\Google Drive\Cours MA 1\Q2\Projet\Git\TiltDetector\PIC\main.c
     SuspendAllInterrupts   0x000112    program     extern C:\Users\lquin\Google Drive\Cours MA 1\Q2\Projet\Git\TiltDetector\PIC\Kernel\int_man.c
      SuspendOSInterrupts   0x00011c    program     extern C:\Users\lquin\Google Drive\Cours MA 1\Q2\Projet\Git\TiltDetector\PIC\Kernel\int_man.c
                TASK_Main   0x0047f0    program     extern C:\Users\lquin\Google Drive\Cours MA 1\Q2\Projet\Git\TiltDetector\PIC\tsk_task_Main.c
               TSIGN1616A   0x004ab6    program     static E:\3.46\pic18-lt\cxx-framework\src\traditional\math\fxm1616s.asm
            TerminateTask   0x00105a    program     extern E:\Julien\Downloads\PICos18_v3_00\Kernel\pro_man.c
              ToUpperCase   0x003178    program     extern C:\Users\lquin\Google Drive\Cours MA 1\Q2\Projet\Git\TiltDetector\PIC\Sensors\M24LR04E_R.c
    User_CheckNDEFMessage   0x00316a    program     extern C:\Users\lquin\Google Drive\Cours MA 1\Q2\Projet\Git\TiltDetector\PIC\Sensors\M24LR04E_R.c
      User_GetNDEFMessage   0x003184    program     extern C:\Users\lquin\Google Drive\Cours MA 1\Q2\Projet\Git\TiltDetector\PIC\Sensors\M24LR04E_R.c
    User_GetPayloadLength   0x00316c    program     extern C:\Users\lquin\Google Drive\Cours MA 1\Q2\Projet\Git\TiltDetector\PIC\Sensors\M24LR04E_R.c
     User_ReadNDEFMessage   0x00315e    program     extern C:\Users\lquin\Google Drive\Cours MA 1\Q2\Projet\Git\TiltDetector\PIC\Sensors\M24LR04E_R.c
          WaitEepResponse   0x003896    program     extern C:\Users\lquin\Google Drive\Cours MA 1\Q2\Projet\Git\TiltDetector\PIC\Sensors\M24LR04E_R.c
                WaitEvent   0x00190a    program     extern E:\Julien\Downloads\PICos18_v3_00\Kernel\even_man.c
                _17_found   0x001c12    program     static E:\Julien\Downloads\PICos18_v3_00\Kernel\kernel.asm
          _17_matchTaskID   0x001bfc    program     static E:\Julien\Downloads\PICos18_v3_00\Kernel\kernel.asm
        _17_nextTaskEntry   0x001c06    program     static E:\Julien\Downloads\PICos18_v3_00\Kernel\kernel.asm
       _27_nextTableEntry   0x001d6e    program     static E:\Julien\Downloads\PICos18_v3_00\Kernel\kernel.asm
       _29_nextTableEntry   0x001d92    program     static E:\Julien\Downloads\PICos18_v3_00\Kernel\kernel.asm
              _2jContinue   0x0046f6    program     static E:\3.46\pic18-lt\cxx-framework\src\traditional\stdclib\memset.asm
                   _2jEnd   0x0047da    program     static E:\3.46\pic18-lt\cxx-framework\src\traditional\stdclib\slenpgm.asm
                _31_found   0x001de2    program     static E:\Julien\Downloads\PICos18_v3_00\Kernel\kernel.asm
          _31_matchTaskID   0x001dcc    program     static E:\Julien\Downloads\PICos18_v3_00\Kernel\kernel.asm
        _31_nextTaskEntry   0x001dd6    program     static E:\Julien\Downloads\PICos18_v3_00\Kernel\kernel.asm
                   _3jEnd   0x004700    program     static E:\3.46\pic18-lt\cxx-framework\src\traditional\stdclib\memset.asm
 _RoundRobin4SamePriority   0x001b8c    program     static E:\Julien\Downloads\PICos18_v3_00\Kernel\kernel.asm
         ___else_lbl00006   0x0040d0    program     static                          
         ___else_lbl00009   0x004228    program     static                          
         ___else_lbl00031   0x00110e    program     static                          
          ___for_lbl00028   0x001132    program     static                          
          ___for_lbl00029   0x001136    program     static                          
          ___for_lbl00033   0x001088    program     static                          
          ___for_lbl00035   0x001202    program     static                          
          ___for_lbl00036   0x001206    program     static                          
          ___for_lbl00039   0x00117a    program     static                          
           ___if_lbl00005   0x0040d2    program     static                          
           ___if_lbl00007   0x00418c    program     static                          
           ___if_lbl00007   0x0030ae    program     static                          
           ___if_lbl00008   0x004266    program     static                          
           ___if_lbl00010   0x004266    program     static                          
           ___if_lbl00010   0x003110    program     static                          
           ___if_lbl00011   0x0042a0    program     static                          
           ___if_lbl00011   0x003132    program     static                          
           ___if_lbl00012   0x003154    program     static                          
           ___if_lbl00030   0x001128    program     static                          
           ___if_lbl00032   0x001128    program     static                          
           ___if_lbl00037   0x0011b6    program     static                          
           ___if_lbl00038   0x0011f8    program     static                          
           ___if_lbl00041   0x001232    program     static                          
           ___if_lbl00046   0x0012c2    program     static                          
       ___return_lbl00000   0x004a68    program     static                          
       ___return_lbl00000   0x000004    program     static                          
       ___return_lbl00000   0x004b0a    program     static                          
       ___return_lbl00000   0x0042a6    program     static                          
       ___return_lbl00000   0x00001c    program     static                          
       ___return_lbl00001   0x00000c    program     static                          
       ___return_lbl00001   0x004b36    program     static                          
       ___return_lbl00002   0x004980    program     static                          
       ___return_lbl00002   0x00315c    program     static                          
       ___return_lbl00015   0x002104    program     static                          
       ___return_lbl00027   0x00113a    program     static                          
       ___return_lbl00034   0x001210    program     static                          
       ___return_lbl00040   0x0012ce    program     static                          
       ___return_lbl00048   0x00137e    program     static                          
       ___return_lbl00054   0x001438    program     static                          
        ___while_lbl00001   0x00404a    program     static                          
        ___while_lbl00002   0x0042a6    program     static                          
        ___while_lbl00003   0x00405c    program     static                          
        ___while_lbl00003   0x003044    program     static                          
        ___while_lbl00004   0x0042a2    program     static                          
        ___while_lbl00004   0x003052    program     static                          
        ___while_lbl00005   0x003056    program     static                          
        ___while_lbl00006   0x00307a    program     static                          
        ___while_lbl00042   0x001284    program     static                          
        ___while_lbl00043   0x001292    program     static                          
        ___while_lbl00044   0x001296    program     static                          
        ___while_lbl00045   0x0012ac    program     static                          
        ___while_lbl00049   0x00132c    program     static                          
        ___while_lbl00050   0x00133a    program     static                          
        ___while_lbl00051   0x00133e    program     static                          
        ___while_lbl00052   0x001354    program     static                          
        ___while_lbl00055   0x0013f6    program     static                          
        ___while_lbl00056   0x001404    program     static                          
        ___while_lbl00057   0x001408    program     static                          
        ___while_lbl00058   0x00141e    program     static                          
               __config_0   0x00fff8    program     static C:\Users\lquin\Google Drive\Cours MA 1\Q2\Projet\Git\TiltDetector\PIC\main.c
               __config_1   0x00fff9    program     static C:\Users\lquin\Google Drive\Cours MA 1\Q2\Projet\Git\TiltDetector\PIC\main.c
               __config_2   0x00fffa    program     static C:\Users\lquin\Google Drive\Cours MA 1\Q2\Projet\Git\TiltDetector\PIC\main.c
               __config_3   0x00fffb    program     static C:\Users\lquin\Google Drive\Cours MA 1\Q2\Projet\Git\TiltDetector\PIC\main.c
               __config_4   0x00fffc    program     static C:\Users\lquin\Google Drive\Cours MA 1\Q2\Projet\Git\TiltDetector\PIC\main.c
               __config_5   0x00fffd    program     static C:\Users\lquin\Google Drive\Cours MA 1\Q2\Projet\Git\TiltDetector\PIC\main.c
               __config_6   0x00fffe    program     static C:\Users\lquin\Google Drive\Cours MA 1\Q2\Projet\Git\TiltDetector\PIC\main.c
               __config_7   0x00ffff    program     static C:\Users\lquin\Google Drive\Cours MA 1\Q2\Projet\Git\TiltDetector\PIC\main.c
                   __pa_0   0x002a46    program     static E:\3.46\pic18-lt\cxx-framework\src\traditional\stdclib\vfprintf.c
                   __pa_1   0x002a4e    program     static E:\3.46\pic18-lt\cxx-framework\src\traditional\stdclib\vfprintf.c
                  __pa_10   0x002b02    program     static E:\3.46\pic18-lt\cxx-framework\src\traditional\stdclib\vfprintf.c
                  __pa_11   0x002b10    program     static E:\3.46\pic18-lt\cxx-framework\src\traditional\stdclib\vfprintf.c
                  __pa_12   0x002b26    program     static E:\3.46\pic18-lt\cxx-framework\src\traditional\stdclib\vfprintf.c
                  __pa_13   0x002b40    program     static E:\3.46\pic18-lt\cxx-framework\src\traditional\stdclib\vfprintf.c
                  __pa_14   0x002b58    program     static E:\3.46\pic18-lt\cxx-framework\src\traditional\stdclib\vfprintf.c
                  __pa_15   0x002b68    program     static E:\3.46\pic18-lt\cxx-framework\src\traditional\stdclib\vfprintf.c
                  __pa_16   0x002b7e    program     static E:\3.46\pic18-lt\cxx-framework\src\traditional\stdclib\vfprintf.c
                  __pa_17   0x002b90    program     static E:\3.46\pic18-lt\cxx-framework\src\traditional\stdclib\vfprintf.c
                  __pa_18   0x002ba2    program     static E:\3.46\pic18-lt\cxx-framework\src\traditional\stdclib\vfprintf.c
                  __pa_19   0x002bac    program     static E:\3.46\pic18-lt\cxx-framework\src\traditional\stdclib\vfprintf.c
                   __pa_2   0x002a58    program     static E:\3.46\pic18-lt\cxx-framework\src\traditional\stdclib\vfprintf.c
                  __pa_20   0x002bbc    program     static E:\3.46\pic18-lt\cxx-framework\src\traditional\stdclib\vfprintf.c
                  __pa_21   0x002bcc    program     static E:\3.46\pic18-lt\cxx-framework\src\traditional\stdclib\vfprintf.c
                  __pa_22   0x002bdc    program     static E:\3.46\pic18-lt\cxx-framework\src\traditional\stdclib\vfprintf.c
                  __pa_23   0x002be8    program     static E:\3.46\pic18-lt\cxx-framework\src\traditional\stdclib\vfprintf.c
                  __pa_24   0x002bf6    program     static E:\3.46\pic18-lt\cxx-framework\src\traditional\stdclib\vfprintf.c
                  __pa_25   0x002bfe    program     static E:\3.46\pic18-lt\cxx-framework\src\traditional\stdclib\vfprintf.c
                  __pa_26   0x002c08    program     static E:\3.46\pic18-lt\cxx-framework\src\traditional\stdclib\vfprintf.c
                  __pa_27   0x002c12    program     static E:\3.46\pic18-lt\cxx-framework\src\traditional\stdclib\vfprintf.c
                  __pa_28   0x002c1a    program     static E:\3.46\pic18-lt\cxx-framework\src\traditional\stdclib\vfprintf.c
                  __pa_29   0x002c28    program     static E:\3.46\pic18-lt\cxx-framework\src\traditional\stdclib\vfprintf.c
                   __pa_3   0x002a62    program     static E:\3.46\pic18-lt\cxx-framework\src\traditional\stdclib\vfprintf.c
                  __pa_30   0x002c44    program     static E:\3.46\pic18-lt\cxx-framework\src\traditional\stdclib\vfprintf.c
                  __pa_31   0x002c5e    program     static E:\3.46\pic18-lt\cxx-framework\src\traditional\stdclib\vfprintf.c
                  __pa_32   0x002c78    program     static E:\3.46\pic18-lt\cxx-framework\src\traditional\stdclib\vfprintf.c
                  __pa_33   0x002c90    program     static E:\3.46\pic18-lt\cxx-framework\src\traditional\stdclib\vfprintf.c
                  __pa_34   0x002c9a    program     static E:\3.46\pic18-lt\cxx-framework\src\traditional\stdclib\vfprintf.c
                  __pa_35   0x002ca8    program     static E:\3.46\pic18-lt\cxx-framework\src\traditional\stdclib\vfprintf.c
                  __pa_36   0x002cb0    program     static E:\3.46\pic18-lt\cxx-framework\src\traditional\stdclib\vfprintf.c
                  __pa_37   0x002cba    program     static E:\3.46\pic18-lt\cxx-framework\src\traditional\stdclib\vfprintf.c
                  __pa_38   0x002cca    program     static E:\3.46\pic18-lt\cxx-framework\src\traditional\stdclib\vfprintf.c
                  __pa_39   0x002cd8    program     static E:\3.46\pic18-lt\cxx-framework\src\traditional\stdclib\vfprintf.c
                   __pa_4   0x002a7a    program     static E:\3.46\pic18-lt\cxx-framework\src\traditional\stdclib\vfprintf.c
                  __pa_40   0x002ce4    program     static E:\3.46\pic18-lt\cxx-framework\src\traditional\stdclib\vfprintf.c
                  __pa_41   0x002cf0    program     static E:\3.46\pic18-lt\cxx-framework\src\traditional\stdclib\vfprintf.c
                  __pa_42   0x002cf8    program     static E:\3.46\pic18-lt\cxx-framework\src\traditional\stdclib\vfprintf.c
                  __pa_43   0x002d02    program     static E:\3.46\pic18-lt\cxx-framework\src\traditional\stdclib\vfprintf.c
                  __pa_44   0x002d08    program     static E:\3.46\pic18-lt\cxx-framework\src\traditional\stdclib\vfprintf.c
                  __pa_45   0x002d12    program     static E:\3.46\pic18-lt\cxx-framework\src\traditional\stdclib\vfprintf.c
                  __pa_46   0x002d1e    program     static E:\3.46\pic18-lt\cxx-framework\src\traditional\stdclib\vfprintf.c
                   __pa_5   0x002a8e    program     static E:\3.46\pic18-lt\cxx-framework\src\traditional\stdclib\vfprintf.c
                   __pa_6   0x002aaa    program     static E:\3.46\pic18-lt\cxx-framework\src\traditional\stdclib\vfprintf.c
                   __pa_7   0x002ab4    program     static E:\3.46\pic18-lt\cxx-framework\src\traditional\stdclib\vfprintf.c
                   __pa_8   0x002ac0    program     static E:\3.46\pic18-lt\cxx-framework\src\traditional\stdclib\vfprintf.c
                   __pa_9   0x002ae2    program     static E:\3.46\pic18-lt\cxx-framework\src\traditional\stdclib\vfprintf.c
               __string_1   0x002ff6    program     static C:\Users\lquin\Google Drive\Cours MA 1\Q2\Projet\Git\TiltDetector\PIC\tsk_task_Main.c
               __tmplbl_0   0x003100    program     static                          
               __tmplbl_1   0x0030fc    program     static                          
               __tmplbl_2   0x0030c4    program     static                          
               __tmplbl_3   0x0030f0    program     static                          
               __tmplbl_4   0x0030ec    program     static                          
              __tmplbl_42   0x002bdc    program     static                          
              __tmplbl_43   0x002a24    program     static                          
              __tmplbl_44   0x002a0a    program     static                          
               __tmplbl_5   0x0030da    program     static                          
              __tmplbl_85   0x00215c    program     static                          
            __zero_memory   0x004b5c    program     extern C:\MCC18\src\traditional\proc\p18F46J50.asm
              _checkPanic   0x001cfe    program     static E:\Julien\Downloads\PICos18_v3_00\Kernel\kernel.asm
                _do_cinit   0x0048e4    program     extern F:\PICOS18\Kernel\PICos18iz.c
                   _entry   0x000000    program     extern F:\PICOS18\Kernel\PICos18iz.c
                   _false   0x004b06    program     static                          
                  _isHook   0x001b52    program     static E:\Julien\Downloads\PICos18_v3_00\Kernel\kernel.asm
              _kInitBank0   0x001a14    program     static E:\Julien\Downloads\PICos18_v3_00\Kernel\kernel.asm
      _kInitHardwareStack   0x001a22    program     static E:\Julien\Downloads\PICos18_v3_00\Kernel\kernel.asm
                  _kernel   0x001a06    program     extern E:\Julien\Downloads\PICos18_v3_00\Kernel\kernel.asm
_kernelPanicStackOverflow   0x001d8c    program     static E:\Julien\Downloads\PICos18_v3_00\Kernel\kernel.asm
_kernelPanicTrashedByNeighbor   0x001d68    program     static E:\Julien\Downloads\PICos18_v3_00\Kernel\kernel.asm
                  _parser   0x001a4a    program     static E:\Julien\Downloads\PICos18_v3_00\Kernel\kernel.asm
              _parserInit   0x001a68    program     static E:\Julien\Downloads\PICos18_v3_00\Kernel\kernel.asm
            _parserUpdate   0x001aee    program     static E:\Julien\Downloads\PICos18_v3_00\Kernel\kernel.asm
        _parserUpdateDiff   0x001b14    program     static E:\Julien\Downloads\PICos18_v3_00\Kernel\kernel.asm
        _parserUpdateLoop   0x001afc    program     static E:\Julien\Downloads\PICos18_v3_00\Kernel\kernel.asm
        _parserUpdateSwap   0x001b1a    program     static E:\Julien\Downloads\PICos18_v3_00\Kernel\kernel.asm
       _parser_mark_stack   0x001ad4    program     static E:\Julien\Downloads\PICos18_v3_00\Kernel\kernel.asm
   _parser_mark_stack_end   0x001ae2    program     static E:\Julien\Downloads\PICos18_v3_00\Kernel\kernel.asm
         _parser_organize   0x001ae8    program     extern E:\Julien\Downloads\PICos18_v3_00\Kernel\kernel.asm
                   _reset   0x002100    program     extern C:\Users\lquin\Google Drive\Cours MA 1\Q2\Projet\Git\TiltDetector\PIC\int.c
             _restore_ctx   0x001be0    program     extern E:\Julien\Downloads\PICos18_v3_00\Kernel\kernel.asm
             _restore_now   0x001c3e    program     extern E:\Julien\Downloads\PICos18_v3_00\Kernel\kernel.asm
           _restore_stack   0x001d4e    program     extern E:\Julien\Downloads\PICos18_v3_00\Kernel\kernel.asm
       _restore_start_adr   0x001db4    program     extern E:\Julien\Downloads\PICos18_v3_00\Kernel\kernel.asm
                   _sched   0x001b52    program     extern E:\Julien\Downloads\PICos18_v3_00\Kernel\kernel.asm
_schedFindRunningTaskEntry   0x001b6c    program     static E:\Julien\Downloads\PICos18_v3_00\Kernel\kernel.asm
       _schedPickNext2Run   0x001bc6    program     static E:\Julien\Downloads\PICos18_v3_00\Kernel\kernel.asm
     _schedTaskReadyOrNot   0x001bcc    program     static E:\Julien\Downloads\PICos18_v3_00\Kernel\kernel.asm
 _schedTestEndOfCtrlTable   0x001cac    program     static E:\Julien\Downloads\PICos18_v3_00\Kernel\kernel.asm
                 _startup   0x004b0c    program     extern F:\PICOS18\Kernel\PICos18iz.c
      _testIfSamePriority   0x001b82    program     static E:\Julien\Downloads\PICos18_v3_00\Kernel\kernel.asm
              _usart_putc   0x004b7c    program     extern C:\MCC18\src\pmc_common\USART\_usartpc.asm
               _user_putc   0x003ca6    program     extern C:\Users\lquin\Google Drive\Cours MA 1\Q2\Projet\Git\TiltDetector\PIC\drivers\drv_rs.c
               _whileIdle   0x001cd4    program     static E:\Julien\Downloads\PICos18_v3_00\Kernel\kernel.asm
               clear_loop   0x004b26    program     static                          
                compare_l   0x004b72    program     static C:\MCC18\src\traditional\proc\p18F46J50.asm
                copy_loop   0x004956    program     static                          
            copy_one_byte   0x00495c    program     static                          
              descromarea   0x000050    program     extern C:\Users\lquin\Google Drive\Cours MA 1\Q2\Projet\Git\TiltDetector\PIC\taskdesc.c
                     done   0x004980    program     static                          
             done_copying   0x00496a    program     static                          
                      end   0x000070    program     extern C:\Users\lquin\Google Drive\Cours MA 1\Q2\Projet\Git\TiltDetector\PIC\taskdesc.c
             immediat_ret   0x001cdc    program     static E:\Julien\Downloads\PICos18_v3_00\Kernel\kernel.asm
                  isdigit   0x004b38    program     extern E:\3.46\pic18-lt\cxx-framework\src\traditional\stdclib\isdigit.asm
                     jEnd   0x004708    program     static E:\3.46\pic18-lt\cxx-framework\src\traditional\stdclib\memset.asm
                     jEnd   0x0047dc    program     static E:\3.46\pic18-lt\cxx-framework\src\traditional\stdclib\slenpgm.asm
                     jEnd   0x0047a4    program     static E:\3.46\pic18-lt\cxx-framework\src\traditional\stdclib\strlen.asm
                     jEnd   0x004788    program     static E:\3.46\pic18-lt\cxx-framework\src\traditional\stdclib\scatp2r.asm
                    jLoop   0x00477e    program     static E:\3.46\pic18-lt\cxx-framework\src\traditional\stdclib\scatp2r.asm
                    jLoop   0x004738    program     static E:\3.46\pic18-lt\cxx-framework\src\traditional\stdclib\strcat.asm
                    jLoop   0x0046ea    program     static E:\3.46\pic18-lt\cxx-framework\src\traditional\stdclib\memset.asm
                    jLoop   0x0047c4    program     static E:\3.46\pic18-lt\cxx-framework\src\traditional\stdclib\slenpgm.asm
                    jLoop   0x00479a    program     static E:\3.46\pic18-lt\cxx-framework\src\traditional\stdclib\strlen.asm
                   jMatch   0x004b58    program     static E:\3.46\pic18-lt\cxx-framework\src\traditional\stdclib\isdigit.asm
                 jNoMatch   0x004b5a    program     static E:\3.46\pic18-lt\cxx-framework\src\traditional\stdclib\isdigit.asm
                jNullLoop   0x004778    program     static E:\3.46\pic18-lt\cxx-framework\src\traditional\stdclib\scatp2r.asm
                jNullLoop   0x004732    program     static E:\3.46\pic18-lt\cxx-framework\src\traditional\stdclib\strcat.asm
                     loop   0x004ad2    program     static                          
                     loop   0x004b30    program     static                          
                     loop   0x004b8c    program     static C:\MCC18\src\pmc_common\USART\_usartpc.asm
                   loop_h   0x004b6a    program     static C:\MCC18\src\traditional\proc\p18F46J50.asm
                   loop_l   0x004b74    program     static C:\MCC18\src\traditional\proc\p18F46J50.asm
                     main   0x004982    program     extern C:\Users\lquin\Google Drive\Cours MA 1\Q2\Projet\Git\TiltDetector\PIC\main.c
                   memset   0x0046d6    program     extern E:\3.46\pic18-lt\cxx-framework\src\traditional\stdclib\memset.asm
                     putc   0x002f72    program     extern E:\3.46\pic18-lt\cxx-framework\src\traditional\stdclib\putc.c
 restoreNextHardwareStack   0x001c4a    program     static E:\Julien\Downloads\PICos18_v3_00\Kernel\kernel.asm
   restoreNextTmpdataByte   0x001c64    program     static E:\Julien\Downloads\PICos18_v3_00\Kernel\kernel.asm
             rom_desc_I2C   0x00005c    program     extern C:\Users\lquin\Google Drive\Cours MA 1\Q2\Projet\Git\TiltDetector\PIC\taskdesc.c
      rom_desc_task_IO_ID   0x000066    program     extern C:\Users\lquin\Google Drive\Cours MA 1\Q2\Projet\Git\TiltDetector\PIC\taskdesc.c
    rom_desc_task_Main_ID   0x000052    program     extern C:\Users\lquin\Google Drive\Cours MA 1\Q2\Projet\Git\TiltDetector\PIC\taskdesc.c
                 s_digits   0x004b98    program     static E:\3.46\pic18-lt\cxx-framework\src\traditional\stdclib\vfprintf.c
            s_put_n_chars   0x002106    program     static E:\3.46\pic18-lt\cxx-framework\src\traditional\stdclib\vfprintf.c
                   strcat   0x00470a    program     extern E:\3.46\pic18-lt\cxx-framework\src\traditional\stdclib\strcat.asm
            strcatpgm2ram   0x004752    program     extern E:\3.46\pic18-lt\cxx-framework\src\traditional\stdclib\scatp2r.asm
                   strlen   0x00478a    program     extern E:\3.46\pic18-lt\cxx-framework\src\traditional\stdclib\strlen.asm
                strlenpgm   0x0047a6    program     extern E:\3.46\pic18-lt\cxx-framework\src\traditional\stdclib\slenpgm.asm
                     test   0x0048fe    program     static                          
                 vfprintf   0x002132    program     extern E:\3.46\pic18-lt\cxx-framework\src\traditional\stdclib\vfprintf.c
               zero_block   0x004b6a    program     static C:\MCC18\src\traditional\proc\p18F46J50.asm
                   ADCON0   0x000fc2       data     extern C:\MCC18\src\traditional\proc\p18F46J50.asm
               ADCON0bits   0x000fc2       data     extern C:\MCC18\src\traditional\proc\p18F46J50.asm
                   ADCON1   0x000fc1       data     extern C:\MCC18\src\traditional\proc\p18F46J50.asm
               ADCON1bits   0x000fc1       data     extern C:\MCC18\src\traditional\proc\p18F46J50.asm
                    ADRES   0x000fc3       data     extern C:\MCC18\src\traditional\proc\p18F46J50.asm
                   ADRESH   0x000fc4       data     extern C:\MCC18\src\traditional\proc\p18F46J50.asm
                   ADRESL   0x000fc3       data     extern C:\MCC18\src\traditional\proc\p18F46J50.asm
              ALARMNUMBER   0x0007a2       data     extern C:\Users\lquin\Google Drive\Cours MA 1\Q2\Projet\Git\TiltDetector\PIC\taskdesc.c
                  ALRMCFG   0x000f91       data     extern C:\MCC18\src\traditional\proc\p18F46J50.asm
              ALRMCFGbits   0x000f91       data     extern C:\MCC18\src\traditional\proc\p18F46J50.asm
                  ALRMRPT   0x000f90       data     extern C:\MCC18\src\traditional\proc\p18F46J50.asm
              ALRMRPTbits   0x000f90       data     extern C:\MCC18\src\traditional\proc\p18F46J50.asm
                 ALRMVALH   0x000f8f       data     extern C:\MCC18\src\traditional\proc\p18F46J50.asm
                 ALRMVALL   0x000f8e       data     extern C:\MCC18\src\traditional\proc\p18F46J50.asm
                   ANCON0   0x000f48       data     extern C:\MCC18\src\traditional\proc\p18F46J50.asm
               ANCON0bits   0x000f48       data     extern C:\MCC18\src\traditional\proc\p18F46J50.asm
                   ANCON1   0x000f49       data     extern C:\MCC18\src\traditional\proc\p18F46J50.asm
               ANCON1bits   0x000f49       data     extern C:\MCC18\src\traditional\proc\p18F46J50.asm
               Alarm_list   0x000788       data     extern C:\Users\lquin\Google Drive\Cours MA 1\Q2\Projet\Git\TiltDetector\PIC\taskdesc.c
                  BAUDCON   0x000f7e       data     extern C:\MCC18\src\traditional\proc\p18F46J50.asm
                 BAUDCON1   0x000f7e       data     extern C:\MCC18\src\traditional\proc\p18F46J50.asm
             BAUDCON1bits   0x000f7e       data     extern C:\MCC18\src\traditional\proc\p18F46J50.asm
                 BAUDCON2   0x000f7c       data     extern C:\MCC18\src\traditional\proc\p18F46J50.asm
             BAUDCON2bits   0x000f7c       data     extern C:\MCC18\src\traditional\proc\p18F46J50.asm
              BAUDCONbits   0x000f7e       data     extern C:\MCC18\src\traditional\proc\p18F46J50.asm
                  BAUDCTL   0x000f7e       data     extern C:\MCC18\src\traditional\proc\p18F46J50.asm
              BAUDCTLbits   0x000f7e       data     extern C:\MCC18\src\traditional\proc\p18F46J50.asm
                      BSR   0x000fe0       data     extern C:\MCC18\src\traditional\proc\p18F46J50.asm
                  CCP1CON   0x000fba       data     extern C:\MCC18\src\traditional\proc\p18F46J50.asm
              CCP1CONbits   0x000fba       data     extern C:\MCC18\src\traditional\proc\p18F46J50.asm
                  CCP2CON   0x000fb4       data     extern C:\MCC18\src\traditional\proc\p18F46J50.asm
              CCP2CONbits   0x000fb4       data     extern C:\MCC18\src\traditional\proc\p18F46J50.asm
                    CCPR1   0x000fbb       data     extern C:\MCC18\src\traditional\proc\p18F46J50.asm
                   CCPR1H   0x000fbc       data     extern C:\MCC18\src\traditional\proc\p18F46J50.asm
                   CCPR1L   0x000fbb       data     extern C:\MCC18\src\traditional\proc\p18F46J50.asm
                    CCPR2   0x000fb5       data     extern C:\MCC18\src\traditional\proc\p18F46J50.asm
                   CCPR2H   0x000fb6       data     extern C:\MCC18\src\traditional\proc\p18F46J50.asm
                   CCPR2L   0x000fb5       data     extern C:\MCC18\src\traditional\proc\p18F46J50.asm
                   CM1CON   0x000fd2       data     extern C:\MCC18\src\traditional\proc\p18F46J50.asm
                  CM1CON1   0x000fd2       data     extern C:\MCC18\src\traditional\proc\p18F46J50.asm
              CM1CON1bits   0x000fd2       data     extern C:\MCC18\src\traditional\proc\p18F46J50.asm
               CM1CONbits   0x000fd2       data     extern C:\MCC18\src\traditional\proc\p18F46J50.asm
                   CM2CON   0x000fd1       data     extern C:\MCC18\src\traditional\proc\p18F46J50.asm
                  CM2CON1   0x000fd1       data     extern C:\MCC18\src\traditional\proc\p18F46J50.asm
              CM2CON1bits   0x000fd1       data     extern C:\MCC18\src\traditional\proc\p18F46J50.asm
               CM2CONbits   0x000fd1       data     extern C:\MCC18\src\traditional\proc\p18F46J50.asm
                   CMSTAT   0x000f70       data     extern C:\MCC18\src\traditional\proc\p18F46J50.asm
                 CMSTATUS   0x000f70       data     extern C:\MCC18\src\traditional\proc\p18F46J50.asm
             CMSTATUSbits   0x000f70       data     extern C:\MCC18\src\traditional\proc\p18F46J50.asm
               CMSTATbits   0x000f70       data     extern C:\MCC18\src\traditional\proc\p18F46J50.asm
            COUNTERNUMBER   0x0007a3       data     extern C:\Users\lquin\Google Drive\Cours MA 1\Q2\Projet\Git\TiltDetector\PIC\taskdesc.c
                 CTMUCONH   0x000fb3       data     extern C:\MCC18\src\traditional\proc\p18F46J50.asm
             CTMUCONHbits   0x000fb3       data     extern C:\MCC18\src\traditional\proc\p18F46J50.asm
                 CTMUCONL   0x000fb2       data     extern C:\MCC18\src\traditional\proc\p18F46J50.asm
             CTMUCONLbits   0x000fb2       data     extern C:\MCC18\src\traditional\proc\p18F46J50.asm
                 CTMUICON   0x000fb1       data     extern C:\MCC18\src\traditional\proc\p18F46J50.asm
             CTMUICONbits   0x000fb1       data     extern C:\MCC18\src\traditional\proc\p18F46J50.asm
                   CVRCON   0x000f53       data     extern C:\MCC18\src\traditional\proc\p18F46J50.asm
               CVRCONbits   0x000f53       data     extern C:\MCC18\src\traditional\proc\p18F46J50.asm
           Counter_kernel   0x00077e       data     extern C:\Users\lquin\Google Drive\Cours MA 1\Q2\Projet\Git\TiltDetector\PIC\taskdesc.c
             Counter_list   0x000774       data     extern C:\Users\lquin\Google Drive\Cours MA 1\Q2\Projet\Git\TiltDetector\PIC\taskdesc.c
                   DMABCH   0x000f66       data     extern C:\MCC18\src\traditional\proc\p18F46J50.asm
               DMABCHbits   0x000f66       data     extern C:\MCC18\src\traditional\proc\p18F46J50.asm
                   DMABCL   0x000f67       data     extern C:\MCC18\src\traditional\proc\p18F46J50.asm
                  DMACON1   0x000f88       data     extern C:\MCC18\src\traditional\proc\p18F46J50.asm
              DMACON1bits   0x000f88       data     extern C:\MCC18\src\traditional\proc\p18F46J50.asm
                  DMACON2   0x000f86       data     extern C:\MCC18\src\traditional\proc\p18F46J50.asm
              DMACON2bits   0x000f86       data     extern C:\MCC18\src\traditional\proc\p18F46J50.asm
                   DSCONH   0x000f4d       data     extern C:\MCC18\src\traditional\proc\p18F46J50.asm
               DSCONHbits   0x000f4d       data     extern C:\MCC18\src\traditional\proc\p18F46J50.asm
                   DSCONL   0x000f4c       data     extern C:\MCC18\src\traditional\proc\p18F46J50.asm
               DSCONLbits   0x000f4c       data     extern C:\MCC18\src\traditional\proc\p18F46J50.asm
                   DSGPR0   0x000f4e       data     extern C:\MCC18\src\traditional\proc\p18F46J50.asm
                   DSGPR1   0x000f4f       data     extern C:\MCC18\src\traditional\proc\p18F46J50.asm
                  DSWAKEH   0x000f4b       data     extern C:\MCC18\src\traditional\proc\p18F46J50.asm
              DSWAKEHbits   0x000f4b       data     extern C:\MCC18\src\traditional\proc\p18F46J50.asm
                  DSWAKEL   0x000f4a       data     extern C:\MCC18\src\traditional\proc\p18F46J50.asm
              DSWAKELbits   0x000f4a       data     extern C:\MCC18\src\traditional\proc\p18F46J50.asm
                  ECCP1AS   0x000fbe       data     extern C:\MCC18\src\traditional\proc\p18F46J50.asm
              ECCP1ASbits   0x000fbe       data     extern C:\MCC18\src\traditional\proc\p18F46J50.asm
                 ECCP1CON   0x000fba       data     extern C:\MCC18\src\traditional\proc\p18F46J50.asm
             ECCP1CONbits   0x000fba       data     extern C:\MCC18\src\traditional\proc\p18F46J50.asm
                 ECCP1DEL   0x000fbd       data     extern C:\MCC18\src\traditional\proc\p18F46J50.asm
             ECCP1DELbits   0x000fbd       data     extern C:\MCC18\src\traditional\proc\p18F46J50.asm
                  ECCP2AS   0x000fb8       data     extern C:\MCC18\src\traditional\proc\p18F46J50.asm
              ECCP2ASbits   0x000fb8       data     extern C:\MCC18\src\traditional\proc\p18F46J50.asm
                 ECCP2CON   0x000fb4       data     extern C:\MCC18\src\traditional\proc\p18F46J50.asm
             ECCP2CONbits   0x000fb4       data     extern C:\MCC18\src\traditional\proc\p18F46J50.asm
                 ECCP2DEL   0x000fb7       data     extern C:\MCC18\src\traditional\proc\p18F46J50.asm
             ECCP2DELbits   0x000fb7       data     extern C:\MCC18\src\traditional\proc\p18F46J50.asm
                   EECON1   0x000fa6       data     extern C:\MCC18\src\traditional\proc\p18F46J50.asm
               EECON1bits   0x000fa6       data     extern C:\MCC18\src\traditional\proc\p18F46J50.asm
                   EECON2   0x000fa7       data     extern C:\MCC18\src\traditional\proc\p18F46J50.asm
                     FSR0   0x000fe9       data     extern C:\MCC18\src\traditional\proc\p18F46J50.asm
                    FSR0H   0x000fea       data     extern C:\MCC18\src\traditional\proc\p18F46J50.asm
                    FSR0L   0x000fe9       data     extern C:\MCC18\src\traditional\proc\p18F46J50.asm
                     FSR1   0x000fe1       data     extern C:\MCC18\src\traditional\proc\p18F46J50.asm
                    FSR1H   0x000fe2       data     extern C:\MCC18\src\traditional\proc\p18F46J50.asm
               FSR1H_MAIN   0x0007f5       data     extern E:\Julien\Downloads\PICos18_v3_00\Kernel\pro_man.c
                    FSR1L   0x000fe1       data     extern C:\MCC18\src\traditional\proc\p18F46J50.asm
               FSR1L_MAIN   0x0007f6       data     extern E:\Julien\Downloads\PICos18_v3_00\Kernel\pro_man.c
                     FSR2   0x000fd9       data     extern C:\MCC18\src\traditional\proc\p18F46J50.asm
                    FSR2H   0x000fda       data     extern C:\MCC18\src\traditional\proc\p18F46J50.asm
                    FSR2L   0x000fd9       data     extern C:\MCC18\src\traditional\proc\p18F46J50.asm
                  HLVDCON   0x000f85       data     extern C:\MCC18\src\traditional\proc\p18F46J50.asm
              HLVDCONbits   0x000f85       data     extern C:\MCC18\src\traditional\proc\p18F46J50.asm
            I2C_bus_state   0x0007eb       data     extern C:\Users\lquin\Google Drive\Cours MA 1\Q2\Projet\Git\TiltDetector\PIC\drivers\drv_i2c.c
           I2C_byte_count   0x0007ee       data     extern C:\Users\lquin\Google Drive\Cours MA 1\Q2\Projet\Git\TiltDetector\PIC\drivers\drv_i2c.c
      I2C_current_message   0x0007e8       data     extern C:\Users\lquin\Google Drive\Cours MA 1\Q2\Projet\Git\TiltDetector\PIC\drivers\drv_i2c.c
           I2C_list_count   0x0007ea       data     extern C:\Users\lquin\Google Drive\Cours MA 1\Q2\Projet\Git\TiltDetector\PIC\drivers\drv_i2c.c
            I2C_list_head   0x0007e6       data     extern C:\Users\lquin\Google Drive\Cours MA 1\Q2\Projet\Git\TiltDetector\PIC\drivers\drv_i2c.c
                    INDF0   0x000fef       data     extern C:\MCC18\src\traditional\proc\p18F46J50.asm
                    INDF1   0x000fe7       data     extern C:\MCC18\src\traditional\proc\p18F46J50.asm
                    INDF2   0x000fdf       data     extern C:\MCC18\src\traditional\proc\p18F46J50.asm
                   INTCON   0x000ff2       data     extern C:\MCC18\src\traditional\proc\p18F46J50.asm
                  INTCON2   0x000ff1       data     extern C:\MCC18\src\traditional\proc\p18F46J50.asm
              INTCON2bits   0x000ff1       data     extern C:\MCC18\src\traditional\proc\p18F46J50.asm
                  INTCON3   0x000ff0       data     extern C:\MCC18\src\traditional\proc\p18F46J50.asm
              INTCON3bits   0x000ff0       data     extern C:\MCC18\src\traditional\proc\p18F46J50.asm
               INTCONbits   0x000ff2       data     extern C:\MCC18\src\traditional\proc\p18F46J50.asm
                     IPR1   0x000f9f       data     extern C:\MCC18\src\traditional\proc\p18F46J50.asm
                 IPR1bits   0x000f9f       data     extern C:\MCC18\src\traditional\proc\p18F46J50.asm
                     IPR2   0x000fa2       data     extern C:\MCC18\src\traditional\proc\p18F46J50.asm
                 IPR2bits   0x000fa2       data     extern C:\MCC18\src\traditional\proc\p18F46J50.asm
                     IPR3   0x000fa5       data     extern C:\MCC18\src\traditional\proc\p18F46J50.asm
                 IPR3bits   0x000fa5       data     extern C:\MCC18\src\traditional\proc\p18F46J50.asm
                     LATA   0x000f89       data     extern C:\MCC18\src\traditional\proc\p18F46J50.asm
                 LATAbits   0x000f89       data     extern C:\MCC18\src\traditional\proc\p18F46J50.asm
                     LATB   0x000f8a       data     extern C:\MCC18\src\traditional\proc\p18F46J50.asm
                 LATBbits   0x000f8a       data     extern C:\MCC18\src\traditional\proc\p18F46J50.asm
                     LATC   0x000f8b       data     extern C:\MCC18\src\traditional\proc\p18F46J50.asm
                 LATCbits   0x000f8b       data     extern C:\MCC18\src\traditional\proc\p18F46J50.asm
                     LATD   0x000f8c       data     extern C:\MCC18\src\traditional\proc\p18F46J50.asm
                 LATDbits   0x000f8c       data     extern C:\MCC18\src\traditional\proc\p18F46J50.asm
                     LATE   0x000f8d       data     extern C:\MCC18\src\traditional\proc\p18F46J50.asm
                 LATEbits   0x000f8d       data     extern C:\MCC18\src\traditional\proc\p18F46J50.asm
              NdefMessage   0x000900       data     extern C:\Users\lquin\Google Drive\Cours MA 1\Q2\Projet\Git\TiltDetector\PIC\NDEF\NDEFMessage.c
               NdefRecord   0x000d00       data     extern C:\Users\lquin\Google Drive\Cours MA 1\Q2\Projet\Git\TiltDetector\PIC\NDEF\NDEFRecord.c
                   ODCON1   0x000f42       data     extern C:\MCC18\src\traditional\proc\p18F46J50.asm
               ODCON1bits   0x000f42       data     extern C:\MCC18\src\traditional\proc\p18F46J50.asm
                   ODCON2   0x000f41       data     extern C:\MCC18\src\traditional\proc\p18F46J50.asm
               ODCON2bits   0x000f41       data     extern C:\MCC18\src\traditional\proc\p18F46J50.asm
                   ODCON3   0x000f40       data     extern C:\MCC18\src\traditional\proc\p18F46J50.asm
               ODCON3bits   0x000f40       data     extern C:\MCC18\src\traditional\proc\p18F46J50.asm
                   OSCCON   0x000fd3       data     extern C:\MCC18\src\traditional\proc\p18F46J50.asm
               OSCCONbits   0x000fd3       data     extern C:\MCC18\src\traditional\proc\p18F46J50.asm
                  OSCTUNE   0x000f9b       data     extern C:\MCC18\src\traditional\proc\p18F46J50.asm
              OSCTUNEbits   0x000f9b       data     extern C:\MCC18\src\traditional\proc\p18F46J50.asm
                  PADCFG1   0x000f3c       data     extern C:\MCC18\src\traditional\proc\p18F46J50.asm
              PADCFG1bits   0x000f3c       data     extern C:\MCC18\src\traditional\proc\p18F46J50.asm
                       PC   0x000ff9       data     extern C:\MCC18\src\traditional\proc\p18F46J50.asm
                      PCL   0x000ff9       data     extern C:\MCC18\src\traditional\proc\p18F46J50.asm
                   PCLATH   0x000ffa       data     extern C:\MCC18\src\traditional\proc\p18F46J50.asm
                   PCLATU   0x000ffb       data     extern C:\MCC18\src\traditional\proc\p18F46J50.asm
                     PIE1   0x000f9d       data     extern C:\MCC18\src\traditional\proc\p18F46J50.asm
                 PIE1bits   0x000f9d       data     extern C:\MCC18\src\traditional\proc\p18F46J50.asm
                     PIE2   0x000fa0       data     extern C:\MCC18\src\traditional\proc\p18F46J50.asm
                 PIE2bits   0x000fa0       data     extern C:\MCC18\src\traditional\proc\p18F46J50.asm
                     PIE3   0x000fa3       data     extern C:\MCC18\src\traditional\proc\p18F46J50.asm
                 PIE3bits   0x000fa3       data     extern C:\MCC18\src\traditional\proc\p18F46J50.asm
                     PIR1   0x000f9e       data     extern C:\MCC18\src\traditional\proc\p18F46J50.asm
                 PIR1bits   0x000f9e       data     extern C:\MCC18\src\traditional\proc\p18F46J50.asm
                     PIR2   0x000fa1       data     extern C:\MCC18\src\traditional\proc\p18F46J50.asm
                 PIR2bits   0x000fa1       data     extern C:\MCC18\src\traditional\proc\p18F46J50.asm
                     PIR3   0x000fa4       data     extern C:\MCC18\src\traditional\proc\p18F46J50.asm
                 PIR3bits   0x000fa4       data     extern C:\MCC18\src\traditional\proc\p18F46J50.asm
                   PLUSW0   0x000feb       data     extern C:\MCC18\src\traditional\proc\p18F46J50.asm
                   PLUSW1   0x000fe3       data     extern C:\MCC18\src\traditional\proc\p18F46J50.asm
                   PLUSW2   0x000fdb       data     extern C:\MCC18\src\traditional\proc\p18F46J50.asm
                  PMADDRH   0x000f6f       data     extern C:\MCC18\src\traditional\proc\p18F46J50.asm
              PMADDRHbits   0x000f6f       data     extern C:\MCC18\src\traditional\proc\p18F46J50.asm
                  PMADDRL   0x000f6e       data     extern C:\MCC18\src\traditional\proc\p18F46J50.asm
                   PMCONH   0x000f5f       data     extern C:\MCC18\src\traditional\proc\p18F46J50.asm
               PMCONHbits   0x000f5f       data     extern C:\MCC18\src\traditional\proc\p18F46J50.asm
                   PMCONL   0x000f5e       data     extern C:\MCC18\src\traditional\proc\p18F46J50.asm
               PMCONLbits   0x000f5e       data     extern C:\MCC18\src\traditional\proc\p18F46J50.asm
                  PMDIN1H   0x000f6d       data     extern C:\MCC18\src\traditional\proc\p18F46J50.asm
                  PMDIN1L   0x000f6c       data     extern C:\MCC18\src\traditional\proc\p18F46J50.asm
                  PMDIN2H   0x000f59       data     extern C:\MCC18\src\traditional\proc\p18F46J50.asm
                  PMDIN2L   0x000f58       data     extern C:\MCC18\src\traditional\proc\p18F46J50.asm
                 PMDOUT1H   0x000f6f       data     extern C:\MCC18\src\traditional\proc\p18F46J50.asm
                 PMDOUT1L   0x000f6e       data     extern C:\MCC18\src\traditional\proc\p18F46J50.asm
                 PMDOUT2H   0x000f5b       data     extern C:\MCC18\src\traditional\proc\p18F46J50.asm
                 PMDOUT2L   0x000f5a       data     extern C:\MCC18\src\traditional\proc\p18F46J50.asm
                     PMEH   0x000f57       data     extern C:\MCC18\src\traditional\proc\p18F46J50.asm
                 PMEHbits   0x000f57       data     extern C:\MCC18\src\traditional\proc\p18F46J50.asm
                     PMEL   0x000f56       data     extern C:\MCC18\src\traditional\proc\p18F46J50.asm
                 PMELbits   0x000f56       data     extern C:\MCC18\src\traditional\proc\p18F46J50.asm
                  PMMODEH   0x000f5d       data     extern C:\MCC18\src\traditional\proc\p18F46J50.asm
              PMMODEHbits   0x000f5d       data     extern C:\MCC18\src\traditional\proc\p18F46J50.asm
                  PMMODEL   0x000f5c       data     extern C:\MCC18\src\traditional\proc\p18F46J50.asm
              PMMODELbits   0x000f5c       data     extern C:\MCC18\src\traditional\proc\p18F46J50.asm
                  PMSTATH   0x000f55       data     extern C:\MCC18\src\traditional\proc\p18F46J50.asm
              PMSTATHbits   0x000f55       data     extern C:\MCC18\src\traditional\proc\p18F46J50.asm
                  PMSTATL   0x000f54       data     extern C:\MCC18\src\traditional\proc\p18F46J50.asm
              PMSTATLbits   0x000f54       data     extern C:\MCC18\src\traditional\proc\p18F46J50.asm
                    PORTA   0x000f80       data     extern C:\MCC18\src\traditional\proc\p18F46J50.asm
                PORTAbits   0x000f80       data     extern C:\MCC18\src\traditional\proc\p18F46J50.asm
                    PORTB   0x000f81       data     extern C:\MCC18\src\traditional\proc\p18F46J50.asm
                PORTBbits   0x000f81       data     extern C:\MCC18\src\traditional\proc\p18F46J50.asm
                    PORTC   0x000f82       data     extern C:\MCC18\src\traditional\proc\p18F46J50.asm
                PORTCbits   0x000f82       data     extern C:\MCC18\src\traditional\proc\p18F46J50.asm
                    PORTD   0x000f83       data     extern C:\MCC18\src\traditional\proc\p18F46J50.asm
                PORTDbits   0x000f83       data     extern C:\MCC18\src\traditional\proc\p18F46J50.asm
                    PORTE   0x000f84       data     extern C:\MCC18\src\traditional\proc\p18F46J50.asm
                PORTEbits   0x000f84       data     extern C:\MCC18\src\traditional\proc\p18F46J50.asm
                 POSTDEC0   0x000fed       data     extern C:\MCC18\src\traditional\proc\p18F46J50.asm
                 POSTDEC1   0x000fe5       data     extern C:\MCC18\src\traditional\proc\p18F46J50.asm
                 POSTDEC2   0x000fdd       data     extern C:\MCC18\src\traditional\proc\p18F46J50.asm
                 POSTINC0   0x000fee       data     extern C:\MCC18\src\traditional\proc\p18F46J50.asm
                 POSTINC1   0x000fe6       data     extern C:\MCC18\src\traditional\proc\p18F46J50.asm
                 POSTINC2   0x000fde       data     extern C:\MCC18\src\traditional\proc\p18F46J50.asm
                   PPSCON   0x000eff       data     extern C:\MCC18\src\traditional\proc\p18F46J50.asm
               PPSCONbits   0x000eff       data     extern C:\MCC18\src\traditional\proc\p18F46J50.asm
                      PR2   0x000fcb       data     extern C:\MCC18\src\traditional\proc\p18F46J50.asm
                      PR4   0x000f77       data     extern C:\MCC18\src\traditional\proc\p18F46J50.asm
                  PREINC0   0x000fec       data     extern C:\MCC18\src\traditional\proc\p18F46J50.asm
                  PREINC1   0x000fe4       data     extern C:\MCC18\src\traditional\proc\p18F46J50.asm
                  PREINC2   0x000fdc       data     extern C:\MCC18\src\traditional\proc\p18F46J50.asm
                     PROD   0x000ff3       data     extern C:\MCC18\src\traditional\proc\p18F46J50.asm
                    PRODH   0x000ff4       data     extern C:\MCC18\src\traditional\proc\p18F46J50.asm
                    PRODL   0x000ff3       data     extern C:\MCC18\src\traditional\proc\p18F46J50.asm
                 PSTR1CON   0x000fbf       data     extern C:\MCC18\src\traditional\proc\p18F46J50.asm
             PSTR1CONbits   0x000fbf       data     extern C:\MCC18\src\traditional\proc\p18F46J50.asm
                 PSTR2CON   0x000fb9       data     extern C:\MCC18\src\traditional\proc\p18F46J50.asm
             PSTR2CONbits   0x000fb9       data     extern C:\MCC18\src\traditional\proc\p18F46J50.asm
                  PWM1CON   0x000fbd       data     extern C:\MCC18\src\traditional\proc\p18F46J50.asm
              PWM1CONbits   0x000fbd       data     extern C:\MCC18\src\traditional\proc\p18F46J50.asm
                  PWM2CON   0x000fb7       data     extern C:\MCC18\src\traditional\proc\p18F46J50.asm
              PWM2CONbits   0x000fb7       data     extern C:\MCC18\src\traditional\proc\p18F46J50.asm
                     RCON   0x000fd0       data     extern C:\MCC18\src\traditional\proc\p18F46J50.asm
                 RCONbits   0x000fd0       data     extern C:\MCC18\src\traditional\proc\p18F46J50.asm
                    RCREG   0x000faf       data     extern C:\MCC18\src\traditional\proc\p18F46J50.asm
                   RCREG1   0x000faf       data     extern C:\MCC18\src\traditional\proc\p18F46J50.asm
                   RCREG2   0x000faa       data     extern C:\MCC18\src\traditional\proc\p18F46J50.asm
                    RCSTA   0x000fac       data     extern C:\MCC18\src\traditional\proc\p18F46J50.asm
                   RCSTA1   0x000fac       data     extern C:\MCC18\src\traditional\proc\p18F46J50.asm
               RCSTA1bits   0x000fac       data     extern C:\MCC18\src\traditional\proc\p18F46J50.asm
                   RCSTA2   0x000f9c       data     extern C:\MCC18\src\traditional\proc\p18F46J50.asm
               RCSTA2bits   0x000f9c       data     extern C:\MCC18\src\traditional\proc\p18F46J50.asm
                RCSTAbits   0x000fac       data     extern C:\MCC18\src\traditional\proc\p18F46J50.asm
                  REFOCON   0x000f3d       data     extern C:\MCC18\src\traditional\proc\p18F46J50.asm
              REFOCONbits   0x000f3d       data     extern C:\MCC18\src\traditional\proc\p18F46J50.asm
           RESOURCENUMBER   0x0007ab       data     extern C:\Users\lquin\Google Drive\Cours MA 1\Q2\Projet\Git\TiltDetector\PIC\taskdesc.c
                   RPINR1   0x000ee7       data     extern C:\MCC18\src\traditional\proc\p18F46J50.asm
                  RPINR12   0x000ef2       data     extern C:\MCC18\src\traditional\proc\p18F46J50.asm
                  RPINR13   0x000ef3       data     extern C:\MCC18\src\traditional\proc\p18F46J50.asm
                  RPINR16   0x000ef6       data     extern C:\MCC18\src\traditional\proc\p18F46J50.asm
                  RPINR17   0x000ef7       data     extern C:\MCC18\src\traditional\proc\p18F46J50.asm
                   RPINR2   0x000ee8       data     extern C:\MCC18\src\traditional\proc\p18F46J50.asm
                  RPINR21   0x000efb       data     extern C:\MCC18\src\traditional\proc\p18F46J50.asm
                  RPINR22   0x000efc       data     extern C:\MCC18\src\traditional\proc\p18F46J50.asm
                  RPINR23   0x000efd       data     extern C:\MCC18\src\traditional\proc\p18F46J50.asm
                  RPINR24   0x000efe       data     extern C:\MCC18\src\traditional\proc\p18F46J50.asm
                   RPINR3   0x000ee9       data     extern C:\MCC18\src\traditional\proc\p18F46J50.asm
                   RPINR4   0x000eea       data     extern C:\MCC18\src\traditional\proc\p18F46J50.asm
                   RPINR6   0x000eec       data     extern C:\MCC18\src\traditional\proc\p18F46J50.asm
                   RPINR7   0x000eed       data     extern C:\MCC18\src\traditional\proc\p18F46J50.asm
                   RPINR8   0x000eee       data     extern C:\MCC18\src\traditional\proc\p18F46J50.asm
                    RPOR0   0x000ec6       data     extern C:\MCC18\src\traditional\proc\p18F46J50.asm
                    RPOR1   0x000ec7       data     extern C:\MCC18\src\traditional\proc\p18F46J50.asm
                   RPOR10   0x000ed0       data     extern C:\MCC18\src\traditional\proc\p18F46J50.asm
                   RPOR11   0x000ed1       data     extern C:\MCC18\src\traditional\proc\p18F46J50.asm
                   RPOR12   0x000ed2       data     extern C:\MCC18\src\traditional\proc\p18F46J50.asm
                   RPOR13   0x000ed3       data     extern C:\MCC18\src\traditional\proc\p18F46J50.asm
                   RPOR17   0x000ed7       data     extern C:\MCC18\src\traditional\proc\p18F46J50.asm
                   RPOR18   0x000ed8       data     extern C:\MCC18\src\traditional\proc\p18F46J50.asm
                   RPOR19   0x000ed9       data     extern C:\MCC18\src\traditional\proc\p18F46J50.asm
                    RPOR2   0x000ec8       data     extern C:\MCC18\src\traditional\proc\p18F46J50.asm
                   RPOR20   0x000eda       data     extern C:\MCC18\src\traditional\proc\p18F46J50.asm
                   RPOR21   0x000edb       data     extern C:\MCC18\src\traditional\proc\p18F46J50.asm
                   RPOR22   0x000edc       data     extern C:\MCC18\src\traditional\proc\p18F46J50.asm
                   RPOR23   0x000edd       data     extern C:\MCC18\src\traditional\proc\p18F46J50.asm
                   RPOR24   0x000ede       data     extern C:\MCC18\src\traditional\proc\p18F46J50.asm
                    RPOR3   0x000ec9       data     extern C:\MCC18\src\traditional\proc\p18F46J50.asm
                    RPOR4   0x000eca       data     extern C:\MCC18\src\traditional\proc\p18F46J50.asm
                    RPOR5   0x000ecb       data     extern C:\MCC18\src\traditional\proc\p18F46J50.asm
                    RPOR6   0x000ecc       data     extern C:\MCC18\src\traditional\proc\p18F46J50.asm
                    RPOR7   0x000ecd       data     extern C:\MCC18\src\traditional\proc\p18F46J50.asm
                    RPOR8   0x000ece       data     extern C:\MCC18\src\traditional\proc\p18F46J50.asm
                    RPOR9   0x000ecf       data     extern C:\MCC18\src\traditional\proc\p18F46J50.asm
       RS_current_message   0x0007b2       data     extern C:\Users\lquin\Google Drive\Cours MA 1\Q2\Projet\Git\TiltDetector\PIC\drivers\drv_rs.c
                 RS_event   0x0007af       data     extern C:\Users\lquin\Google Drive\Cours MA 1\Q2\Projet\Git\TiltDetector\PIC\drivers\drv_rs.c
            RS_list_count   0x0007ef       data     extern C:\Users\lquin\Google Drive\Cours MA 1\Q2\Projet\Git\TiltDetector\PIC\drivers\drv_rs.c
        RS_list_count_rcv   0x0007f0       data     extern C:\Users\lquin\Google Drive\Cours MA 1\Q2\Projet\Git\TiltDetector\PIC\drivers\drv_rs.c
             RS_list_head   0x0007b0       data     extern C:\Users\lquin\Google Drive\Cours MA 1\Q2\Projet\Git\TiltDetector\PIC\drivers\drv_rs.c
         RS_list_head_rcv   0x0007b4       data     extern C:\Users\lquin\Google Drive\Cours MA 1\Q2\Projet\Git\TiltDetector\PIC\drivers\drv_rs.c
                   RS_msg   0x0007b6       data     extern C:\Users\lquin\Google Drive\Cours MA 1\Q2\Projet\Git\TiltDetector\PIC\drivers\drv_rs.c
                   RTCCAL   0x000f3e       data     extern C:\MCC18\src\traditional\proc\p18F46J50.asm
               RTCCALbits   0x000f3e       data     extern C:\MCC18\src\traditional\proc\p18F46J50.asm
                   RTCCFG   0x000f3f       data     extern C:\MCC18\src\traditional\proc\p18F46J50.asm
               RTCCFGbits   0x000f3f       data     extern C:\MCC18\src\traditional\proc\p18F46J50.asm
                  RTCVALH   0x000f99       data     extern C:\MCC18\src\traditional\proc\p18F46J50.asm
                  RTCVALL   0x000f98       data     extern C:\MCC18\src\traditional\proc\p18F46J50.asm
                  RXADDRH   0x000f68       data     extern C:\MCC18\src\traditional\proc\p18F46J50.asm
              RXADDRHbits   0x000f68       data     extern C:\MCC18\src\traditional\proc\p18F46J50.asm
                  RXADDRL   0x000f69       data     extern C:\MCC18\src\traditional\proc\p18F46J50.asm
            RX_ByteNumber   0x0007f3       data     extern C:\Users\lquin\Google Drive\Cours MA 1\Q2\Projet\Git\TiltDetector\PIC\drivers\drv_rs.c
            Resource_list   0x0007a8       data     extern C:\Users\lquin\Google Drive\Cours MA 1\Q2\Projet\Git\TiltDetector\PIC\taskdesc.c
                     SIGN   0x000009       data     extern E:\3.46\pic18-lt\cxx-framework\src\traditional\math\cmath18.asm
                    SPBRG   0x000fb0       data     extern C:\MCC18\src\traditional\proc\p18F46J50.asm
                   SPBRG1   0x000fb0       data     extern C:\MCC18\src\traditional\proc\p18F46J50.asm
                   SPBRG2   0x000fab       data     extern C:\MCC18\src\traditional\proc\p18F46J50.asm
                   SPBRGH   0x000f7f       data     extern C:\MCC18\src\traditional\proc\p18F46J50.asm
                  SPBRGH1   0x000f7f       data     extern C:\MCC18\src\traditional\proc\p18F46J50.asm
                  SPBRGH2   0x000f7d       data     extern C:\MCC18\src\traditional\proc\p18F46J50.asm
                  SSP1ADD   0x000fc8       data     extern C:\MCC18\src\traditional\proc\p18F46J50.asm
              SSP1ADDbits   0x000fc8       data     extern C:\MCC18\src\traditional\proc\p18F46J50.asm
                  SSP1BUF   0x000fc9       data     extern C:\MCC18\src\traditional\proc\p18F46J50.asm
                 SSP1CON1   0x000fc6       data     extern C:\MCC18\src\traditional\proc\p18F46J50.asm
             SSP1CON1bits   0x000fc6       data     extern C:\MCC18\src\traditional\proc\p18F46J50.asm
                 SSP1CON2   0x000fc5       data     extern C:\MCC18\src\traditional\proc\p18F46J50.asm
             SSP1CON2bits   0x000fc5       data     extern C:\MCC18\src\traditional\proc\p18F46J50.asm
                 SSP1STAT   0x000fc7       data     extern C:\MCC18\src\traditional\proc\p18F46J50.asm
             SSP1STATbits   0x000fc7       data     extern C:\MCC18\src\traditional\proc\p18F46J50.asm
                  SSP2ADD   0x000f74       data     extern C:\MCC18\src\traditional\proc\p18F46J50.asm
              SSP2ADDbits   0x000f74       data     extern C:\MCC18\src\traditional\proc\p18F46J50.asm
                  SSP2BUF   0x000f75       data     extern C:\MCC18\src\traditional\proc\p18F46J50.asm
                 SSP2CON1   0x000f72       data     extern C:\MCC18\src\traditional\proc\p18F46J50.asm
             SSP2CON1bits   0x000f72       data     extern C:\MCC18\src\traditional\proc\p18F46J50.asm
                 SSP2CON2   0x000f71       data     extern C:\MCC18\src\traditional\proc\p18F46J50.asm
             SSP2CON2bits   0x000f71       data     extern C:\MCC18\src\traditional\proc\p18F46J50.asm
                 SSP2STAT   0x000f73       data     extern C:\MCC18\src\traditional\proc\p18F46J50.asm
             SSP2STATbits   0x000f73       data     extern C:\MCC18\src\traditional\proc\p18F46J50.asm
                   SSPADD   0x000fc8       data     extern C:\MCC18\src\traditional\proc\p18F46J50.asm
               SSPADDbits   0x000fc8       data     extern C:\MCC18\src\traditional\proc\p18F46J50.asm
                   SSPBUF   0x000fc9       data     extern C:\MCC18\src\traditional\proc\p18F46J50.asm
                  SSPCON1   0x000fc6       data     extern C:\MCC18\src\traditional\proc\p18F46J50.asm
              SSPCON1bits   0x000fc6       data     extern C:\MCC18\src\traditional\proc\p18F46J50.asm
[...]
                    TRISC   0x000f94       data     extern C:\MCC18\src\traditional\proc\p18F46J50.asm
                TRISDbits   0x000f95       data     extern C:\MCC18\src\traditional\proc\p18F46J50.asm
                    TRISD   0x000f95       data     extern C:\MCC18\src\traditional\proc\p18F46J50.asm
                    TRISE   0x000f96       data     extern C:\MCC18\src\traditional\proc\p18F46J50.asm
                TRISEbits   0x000f96       data     extern C:\MCC18\src\traditional\proc\p18F46J50.asm
                   T3GCON   0x000f97       data     extern C:\MCC18\src\traditional\proc\p18F46J50.asm
               T3GCONbits   0x000f97       data     extern C:\MCC18\src\traditional\proc\p18F46J50.asm
                  RTCVALL   0x000f98       data     extern C:\MCC18\src\traditional\proc\p18F46J50.asm
                  RTCVALH   0x000f99       data     extern C:\MCC18\src\traditional\proc\p18F46J50.asm
               T1GCONbits   0x000f9a       data     extern C:\MCC18\src\traditional\proc\p18F46J50.asm
                   T1GCON   0x000f9a       data     extern C:\MCC18\src\traditional\proc\p18F46J50.asm
              OSCTUNEbits   0x000f9b       data     extern C:\MCC18\src\traditional\proc\p18F46J50.asm
                  OSCTUNE   0x000f9b       data     extern C:\MCC18\src\traditional\proc\p18F46J50.asm
               RCSTA2bits   0x000f9c       data     extern C:\MCC18\src\traditional\proc\p18F46J50.asm
                   RCSTA2   0x000f9c       data     extern C:\MCC18\src\traditional\proc\p18F46J50.asm
                 PIE1bits   0x000f9d       data     extern C:\MCC18\src\traditional\proc\p18F46J50.asm
                     PIE1   0x000f9d       data     extern C:\MCC18\src\traditional\proc\p18F46J50.asm
                 PIR1bits   0x000f9e       data     extern C:\MCC18\src\traditional\proc\p18F46J50.asm
                     PIR1   0x000f9e       data     extern C:\MCC18\src\traditional\proc\p18F46J50.asm
                     IPR1   0x000f9f       data     extern C:\MCC18\src\traditional\proc\p18F46J50.asm
                 IPR1bits   0x000f9f       data     extern C:\MCC18\src\traditional\proc\p18F46J50.asm
                 PIE2bits   0x000fa0       data     extern C:\MCC18\src\traditional\proc\p18F46J50.asm
                     PIE2   0x000fa0       data     extern C:\MCC18\src\traditional\proc\p18F46J50.asm
                     PIR2   0x000fa1       data     extern C:\MCC18\src\traditional\proc\p18F46J50.asm
                 PIR2bits   0x000fa1       data     extern C:\MCC18\src\traditional\proc\p18F46J50.asm
                     IPR2   0x000fa2       data     extern C:\MCC18\src\traditional\proc\p18F46J50.asm
                 IPR2bits   0x000fa2       data     extern C:\MCC18\src\traditional\proc\p18F46J50.asm
                     PIE3   0x000fa3       data     extern C:\MCC18\src\traditional\proc\p18F46J50.asm
                 PIE3bits   0x000fa3       data     extern C:\MCC18\src\traditional\proc\p18F46J50.asm
                     PIR3   0x000fa4       data     extern C:\MCC18\src\traditional\proc\p18F46J50.asm
                 PIR3bits   0x000fa4       data     extern C:\MCC18\src\traditional\proc\p18F46J50.asm
                     IPR3   0x000fa5       data     extern C:\MCC18\src\traditional\proc\p18F46J50.asm
                 IPR3bits   0x000fa5       data     extern C:\MCC18\src\traditional\proc\p18F46J50.asm
                   EECON1   0x000fa6       data     extern C:\MCC18\src\traditional\proc\p18F46J50.asm
               EECON1bits   0x000fa6       data     extern C:\MCC18\src\traditional\proc\p18F46J50.asm
                   EECON2   0x000fa7       data     extern C:\MCC18\src\traditional\proc\p18F46J50.asm
               TXSTA2bits   0x000fa8       data     extern C:\MCC18\src\traditional\proc\p18F46J50.asm
                   TXSTA2   0x000fa8       data     extern C:\MCC18\src\traditional\proc\p18F46J50.asm
                   TXREG2   0x000fa9       data     extern C:\MCC18\src\traditional\proc\p18F46J50.asm
                   RCREG2   0x000faa       data     extern C:\MCC18\src\traditional\proc\p18F46J50.asm
                   SPBRG2   0x000fab       data     extern C:\MCC18\src\traditional\proc\p18F46J50.asm
                RCSTAbits   0x000fac       data     extern C:\MCC18\src\traditional\proc\p18F46J50.asm
               RCSTA1bits   0x000fac       data     extern C:\MCC18\src\traditional\proc\p18F46J50.asm
                   RCSTA1   0x000fac       data     extern C:\MCC18\src\traditional\proc\p18F46J50.asm
                    RCSTA   0x000fac       data     extern C:\MCC18\src\traditional\proc\p18F46J50.asm
                TXSTAbits   0x000fad       data     extern C:\MCC18\src\traditional\proc\p18F46J50.asm
               TXSTA1bits   0x000fad       data     extern C:\MCC18\src\traditional\proc\p18F46J50.asm
                   TXSTA1   0x000fad       data     extern C:\MCC18\src\traditional\proc\p18F46J50.asm
                    TXSTA   0x000fad       data     extern C:\MCC18\src\traditional\proc\p18F46J50.asm
                   TXREG1   0x000fae       data     extern C:\MCC18\src\traditional\proc\p18F46J50.asm
                    TXREG   0x000fae       data     extern C:\MCC18\src\traditional\proc\p18F46J50.asm
                    RCREG   0x000faf       data     extern C:\MCC18\src\traditional\proc\p18F46J50.asm
                   RCREG1   0x000faf       data     extern C:\MCC18\src\traditional\proc\p18F46J50.asm
                    SPBRG   0x000fb0       data     extern C:\MCC18\src\traditional\proc\p18F46J50.asm
                   SPBRG1   0x000fb0       data     extern C:\MCC18\src\traditional\proc\p18F46J50.asm
             CTMUICONbits   0x000fb1       data     extern C:\MCC18\src\traditional\proc\p18F46J50.asm
                 CTMUICON   0x000fb1       data     extern C:\MCC18\src\traditional\proc\p18F46J50.asm
             CTMUCONLbits   0x000fb2       data     extern C:\MCC18\src\traditional\proc\p18F46J50.asm
                 CTMUCONL   0x000fb2       data     extern C:\MCC18\src\traditional\proc\p18F46J50.asm
             CTMUCONHbits   0x000fb3       data     extern C:\MCC18\src\traditional\proc\p18F46J50.asm
                 CTMUCONH   0x000fb3       data     extern C:\MCC18\src\traditional\proc\p18F46J50.asm
              CCP2CONbits   0x000fb4       data     extern C:\MCC18\src\traditional\proc\p18F46J50.asm
                  CCP2CON   0x000fb4       data     extern C:\MCC18\src\traditional\proc\p18F46J50.asm
                 ECCP2CON   0x000fb4       data     extern C:\MCC18\src\traditional\proc\p18F46J50.asm
             ECCP2CONbits   0x000fb4       data     extern C:\MCC18\src\traditional\proc\p18F46J50.asm
                   CCPR2L   0x000fb5       data     extern C:\MCC18\src\traditional\proc\p18F46J50.asm
                    CCPR2   0x000fb5       data     extern C:\MCC18\src\traditional\proc\p18F46J50.asm
                   CCPR2H   0x000fb6       data     extern C:\MCC18\src\traditional\proc\p18F46J50.asm
                 ECCP2DEL   0x000fb7       data     extern C:\MCC18\src\traditional\proc\p18F46J50.asm
             ECCP2DELbits   0x000fb7       data     extern C:\MCC18\src\traditional\proc\p18F46J50.asm
              PWM2CONbits   0x000fb7       data     extern C:\MCC18\src\traditional\proc\p18F46J50.asm
                  PWM2CON   0x000fb7       data     extern C:\MCC18\src\traditional\proc\p18F46J50.asm
              ECCP2ASbits   0x000fb8       data     extern C:\MCC18\src\traditional\proc\p18F46J50.asm
                  ECCP2AS   0x000fb8       data     extern C:\MCC18\src\traditional\proc\p18F46J50.asm
             PSTR2CONbits   0x000fb9       data     extern C:\MCC18\src\traditional\proc\p18F46J50.asm
                 PSTR2CON   0x000fb9       data     extern C:\MCC18\src\traditional\proc\p18F46J50.asm
             ECCP1CONbits   0x000fba       data     extern C:\MCC18\src\traditional\proc\p18F46J50.asm
                 ECCP1CON   0x000fba       data     extern C:\MCC18\src\traditional\proc\p18F46J50.asm
              CCP1CONbits   0x000fba       data     extern C:\MCC18\src\traditional\proc\p18F46J50.asm
                  CCP1CON   0x000fba       data     extern C:\MCC18\src\traditional\proc\p18F46J50.asm
                    CCPR1   0x000fbb       data     extern C:\MCC18\src\traditional\proc\p18F46J50.asm
                   CCPR1L   0x000fbb       data     extern C:\MCC18\src\traditional\proc\p18F46J50.asm
                   CCPR1H   0x000fbc       data     extern C:\MCC18\src\traditional\proc\p18F46J50.asm
                  PWM1CON   0x000fbd       data     extern C:\MCC18\src\traditional\proc\p18F46J50.asm
              PWM1CONbits   0x000fbd       data     extern C:\MCC18\src\traditional\proc\p18F46J50.asm
                 ECCP1DEL   0x000fbd       data     extern C:\MCC18\src\traditional\proc\p18F46J50.asm
             ECCP1DELbits   0x000fbd       data     extern C:\MCC18\src\traditional\proc\p18F46J50.asm
                  ECCP1AS   0x000fbe       data     extern C:\MCC18\src\traditional\proc\p18F46J50.asm
              ECCP1ASbits   0x000fbe       data     extern C:\MCC18\src\traditional\proc\p18F46J50.asm
             PSTR1CONbits   0x000fbf       data     extern C:\MCC18\src\traditional\proc\p18F46J50.asm
                 PSTR1CON   0x000fbf       data     extern C:\MCC18\src\traditional\proc\p18F46J50.asm
                   WDTCON   0x000fc0       data     extern C:\MCC18\src\traditional\proc\p18F46J50.asm
               WDTCONbits   0x000fc0       data     extern C:\MCC18\src\traditional\proc\p18F46J50.asm
               ADCON1bits   0x000fc1       data     extern C:\MCC18\src\traditional\proc\p18F46J50.asm
                   ADCON1   0x000fc1       data     extern C:\MCC18\src\traditional\proc\p18F46J50.asm
               ADCON0bits   0x000fc2       data     extern C:\MCC18\src\traditional\proc\p18F46J50.asm
                   ADCON0   0x000fc2       data     extern C:\MCC18\src\traditional\proc\p18F46J50.asm
                    ADRES   0x000fc3       data     extern C:\MCC18\src\traditional\proc\p18F46J50.asm
                   ADRESL   0x000fc3       data     extern C:\MCC18\src\traditional\proc\p18F46J50.asm
                   ADRESH   0x000fc4       data     extern C:\MCC18\src\traditional\proc\p18F46J50.asm
                 SSP1CON2   0x000fc5       data     extern C:\MCC18\src\traditional\proc\p18F46J50.asm
             SSP1CON2bits   0x000fc5       data     extern C:\MCC18\src\traditional\proc\p18F46J50.asm
              SSPCON2bits   0x000fc5       data     extern C:\MCC18\src\traditional\proc\p18F46J50.asm
                  SSPCON2   0x000fc5       data     extern C:\MCC18\src\traditional\proc\p18F46J50.asm
             SSP1CON1bits   0x000fc6       data     extern C:\MCC18\src\traditional\proc\p18F46J50.asm
                 SSP1CON1   0x000fc6       data     extern C:\MCC18\src\traditional\proc\p18F46J50.asm
                  SSPCON1   0x000fc6       data     extern C:\MCC18\src\traditional\proc\p18F46J50.asm
              SSPCON1bits   0x000fc6       data     extern C:\MCC18\src\traditional\proc\p18F46J50.asm
              SSPSTATbits   0x000fc7       data     extern C:\MCC18\src\traditional\proc\p18F46J50.asm
                 SSP1STAT   0x000fc7       data     extern C:\MCC18\src\traditional\proc\p18F46J50.asm
             SSP1STATbits   0x000fc7       data     extern C:\MCC18\src\traditional\proc\p18F46J50.asm
                  SSPSTAT   0x000fc7       data     extern C:\MCC18\src\traditional\proc\p18F46J50.asm
               SSPADDbits   0x000fc8       data     extern C:\MCC18\src\traditional\proc\p18F46J50.asm
                   SSPADD   0x000fc8       data     extern C:\MCC18\src\traditional\proc\p18F46J50.asm
              SSP1ADDbits   0x000fc8       data     extern C:\MCC18\src\traditional\proc\p18F46J50.asm
                  SSP1ADD   0x000fc8       data     extern C:\MCC18\src\traditional\proc\p18F46J50.asm
                   SSPBUF   0x000fc9       data     extern C:\MCC18\src\traditional\proc\p18F46J50.asm
                  SSP1BUF   0x000fc9       data     extern C:\MCC18\src\traditional\proc\p18F46J50.asm
                    T2CON   0x000fca       data     extern C:\MCC18\src\traditional\proc\p18F46J50.asm
                T2CONbits   0x000fca       data     extern C:\MCC18\src\traditional\proc\p18F46J50.asm
                      PR2   0x000fcb       data     extern C:\MCC18\src\traditional\proc\p18F46J50.asm
                     TMR2   0x000fcc       data     extern C:\MCC18\src\traditional\proc\p18F46J50.asm
                    T1CON   0x000fcd       data     extern C:\MCC18\src\traditional\proc\p18F46J50.asm
                T1CONbits   0x000fcd       data     extern C:\MCC18\src\traditional\proc\p18F46J50.asm
                    TMR1L   0x000fce       data     extern C:\MCC18\src\traditional\proc\p18F46J50.asm
                    TMR1H   0x000fcf       data     extern C:\MCC18\src\traditional\proc\p18F46J50.asm
                 RCONbits   0x000fd0       data     extern C:\MCC18\src\traditional\proc\p18F46J50.asm
                     RCON   0x000fd0       data     extern C:\MCC18\src\traditional\proc\p18F46J50.asm
                  CM2CON1   0x000fd1       data     extern C:\MCC18\src\traditional\proc\p18F46J50.asm
              CM2CON1bits   0x000fd1       data     extern C:\MCC18\src\traditional\proc\p18F46J50.asm
               CM2CONbits   0x000fd1       data     extern C:\MCC18\src\traditional\proc\p18F46J50.asm
                   CM2CON   0x000fd1       data     extern C:\MCC18\src\traditional\proc\p18F46J50.asm
                  CM1CON1   0x000fd2       data     extern C:\MCC18\src\traditional\proc\p18F46J50.asm
                   CM1CON   0x000fd2       data     extern C:\MCC18\src\traditional\proc\p18F46J50.asm
              CM1CON1bits   0x000fd2       data     extern C:\MCC18\src\traditional\proc\p18F46J50.asm
               CM1CONbits   0x000fd2       data     extern C:\MCC18\src\traditional\proc\p18F46J50.asm
               OSCCONbits   0x000fd3       data     extern C:\MCC18\src\traditional\proc\p18F46J50.asm
                   OSCCON   0x000fd3       data     extern C:\MCC18\src\traditional\proc\p18F46J50.asm
                T0CONbits   0x000fd5       data     extern C:\MCC18\src\traditional\proc\p18F46J50.asm
                    T0CON   0x000fd5       data     extern C:\MCC18\src\traditional\proc\p18F46J50.asm
                    TMR0L   0x000fd6       data     extern C:\MCC18\src\traditional\proc\p18F46J50.asm
                    TMR0H   0x000fd7       data     extern C:\MCC18\src\traditional\proc\p18F46J50.asm
                   STATUS   0x000fd8       data     extern C:\MCC18\src\traditional\proc\p18F46J50.asm
               STATUSbits   0x000fd8       data     extern C:\MCC18\src\traditional\proc\p18F46J50.asm
                    FSR2L   0x000fd9       data     extern C:\MCC18\src\traditional\proc\p18F46J50.asm
                     FSR2   0x000fd9       data     extern C:\MCC18\src\traditional\proc\p18F46J50.asm
                    FSR2H   0x000fda       data     extern C:\MCC18\src\traditional\proc\p18F46J50.asm
                   PLUSW2   0x000fdb       data     extern C:\MCC18\src\traditional\proc\p18F46J50.asm
                  PREINC2   0x000fdc       data     extern C:\MCC18\src\traditional\proc\p18F46J50.asm
                 POSTDEC2   0x000fdd       data     extern C:\MCC18\src\traditional\proc\p18F46J50.asm
                 POSTINC2   0x000fde       data     extern C:\MCC18\src\traditional\proc\p18F46J50.asm
                    INDF2   0x000fdf       data     extern C:\MCC18\src\traditional\proc\p18F46J50.asm
                      BSR   0x000fe0       data     extern C:\MCC18\src\traditional\proc\p18F46J50.asm
                     FSR1   0x000fe1       data     extern C:\MCC18\src\traditional\proc\p18F46J50.asm
                    FSR1L   0x000fe1       data     extern C:\MCC18\src\traditional\proc\p18F46J50.asm
                    FSR1H   0x000fe2       data     extern C:\MCC18\src\traditional\proc\p18F46J50.asm
                   PLUSW1   0x000fe3       data     extern C:\MCC18\src\traditional\proc\p18F46J50.asm
                  PREINC1   0x000fe4       data     extern C:\MCC18\src\traditional\proc\p18F46J50.asm
                 POSTDEC1   0x000fe5       data     extern C:\MCC18\src\traditional\proc\p18F46J50.asm
                 POSTINC1   0x000fe6       data     extern C:\MCC18\src\traditional\proc\p18F46J50.asm
                    INDF1   0x000fe7       data     extern C:\MCC18\src\traditional\proc\p18F46J50.asm
                     WREG   0x000fe8       data     extern C:\MCC18\src\traditional\proc\p18F46J50.asm
                     FSR0   0x000fe9       data     extern C:\MCC18\src\traditional\proc\p18F46J50.asm
                    FSR0L   0x000fe9       data     extern C:\MCC18\src\traditional\proc\p18F46J50.asm
                    FSR0H   0x000fea       data     extern C:\MCC18\src\traditional\proc\p18F46J50.asm
                   PLUSW0   0x000feb       data     extern C:\MCC18\src\traditional\proc\p18F46J50.asm
                  PREINC0   0x000fec       data     extern C:\MCC18\src\traditional\proc\p18F46J50.asm
                 POSTDEC0   0x000fed       data     extern C:\MCC18\src\traditional\proc\p18F46J50.asm
                 POSTINC0   0x000fee       data     extern C:\MCC18\src\traditional\proc\p18F46J50.asm
                    INDF0   0x000fef       data     extern C:\MCC18\src\traditional\proc\p18F46J50.asm
                  INTCON3   0x000ff0       data     extern C:\MCC18\src\traditional\proc\p18F46J50.asm
              INTCON3bits   0x000ff0       data     extern C:\MCC18\src\traditional\proc\p18F46J50.asm
                  INTCON2   0x000ff1       data     extern C:\MCC18\src\traditional\proc\p18F46J50.asm
              INTCON2bits   0x000ff1       data     extern C:\MCC18\src\traditional\proc\p18F46J50.asm
                   INTCON   0x000ff2       data     extern C:\MCC18\src\traditional\proc\p18F46J50.asm
               INTCONbits   0x000ff2       data     extern C:\MCC18\src\traditional\proc\p18F46J50.asm
                    PRODL   0x000ff3       data     extern C:\MCC18\src\traditional\proc\p18F46J50.asm
                     PROD   0x000ff3       data     extern C:\MCC18\src\traditional\proc\p18F46J50.asm
                    PRODH   0x000ff4       data     extern C:\MCC18\src\traditional\proc\p18F46J50.asm
                   TABLAT   0x000ff5       data     extern C:\MCC18\src\traditional\proc\p18F46J50.asm
                  TBLPTRL   0x000ff6       data     extern C:\MCC18\src\traditional\proc\p18F46J50.asm
                   TBLPTR   0x000ff6       data     extern C:\MCC18\src\traditional\proc\p18F46J50.asm
                  TBLPTRH   0x000ff7       data     extern C:\MCC18\src\traditional\proc\p18F46J50.asm
                  TBLPTRU   0x000ff8       data     extern C:\MCC18\src\traditional\proc\p18F46J50.asm
                       PC   0x000ff9       data     extern C:\MCC18\src\traditional\proc\p18F46J50.asm
                      PCL   0x000ff9       data     extern C:\MCC18\src\traditional\proc\p18F46J50.asm
                   PCLATH   0x000ffa       data     extern C:\MCC18\src\traditional\proc\p18F46J50.asm
                   PCLATU   0x000ffb       data     extern C:\MCC18\src\traditional\proc\p18F46J50.asm
                   STKPTR   0x000ffc       data     extern C:\MCC18\src\traditional\proc\p18F46J50.asm
               STKPTRbits   0x000ffc       data     extern C:\MCC18\src\traditional\proc\p18F46J50.asm
                     TOSL   0x000ffd       data     extern C:\MCC18\src\traditional\proc\p18F46J50.asm
                      TOS   0x000ffd       data     extern C:\MCC18\src\traditional\proc\p18F46J50.asm
                     TOSH   0x000ffe       data     extern C:\MCC18\src\traditional\proc\p18F46J50.asm
                     TOSU   0x000fff       data     extern C:\MCC18\src\traditional\proc\p18F46J50.asm


